Java HotSpot(TM) 64-Bit Server VM (25.91-b14) for linux-amd64 JRE (1.8.0_91-b14), built on Apr  1 2016 00:57:21 by "java_re" with gcc 4.3.0 20080428 (Red Hat 4.3.0-8)
Memory: 4k page, physical 16048320k(2768772k free), swap 16393212k(16393212k free)
CommandLine flags: -XX:InitialHeapSize=536870912 -XX:MaxHeapSize=536870912 -XX:+PrintGC -XX:+PrintGCDetails -XX:+PrintGCTimeStamps -XX:+UseCompressedClassPointers -XX:+UseCompressedOops -XX:+UseSerialGC 
0.435: [GC (Allocation Failure) 0.435: [DefNew: 139776K->17472K(157248K), 0.1756455 secs] 139776K->123839K(506816K), 0.1757373 secs] [Times: user=0.12 sys=0.05, real=0.18 secs] 
0.726: [GC (Allocation Failure) 0.726: [DefNew: 157248K->17471K(157248K), 0.2159619 secs] 263615K->261326K(506816K), 0.2161543 secs] [Times: user=0.15 sys=0.05, real=0.22 secs] 
1.016: [GC (Allocation Failure) 1.016: [DefNew: 157247K->157247K(157248K), 0.0000276 secs]1.016: [Tenured: 243854K->349567K(349568K), 0.3819789 secs] 401102K->400867K(506816K), [Metaspace: 2735K->2735K(1056768K)], 0.3821572 secs] [Times: user=0.34 sys=0.04, real=0.38 secs] 
1.522: [Full GC (Allocation Failure) 1.522: [Tenured: 349567K->33943K(349568K), 0.0752506 secs] 506815K->33943K(506816K), [Metaspace: 2735K->2735K(1056768K)], 0.0754011 secs] [Times: user=0.08 sys=0.00, real=0.07 secs] 
1.671: [GC (Allocation Failure) 1.671: [DefNew: 139776K->17472K(157248K), 0.1546465 secs] 173719K->170681K(506816K), 0.1547586 secs] [Times: user=0.12 sys=0.00, real=0.15 secs] 
1.890: [GC (Allocation Failure) 1.890: [DefNew: 157248K->17471K(157248K), 0.1798128 secs] 310457K->310216K(506816K), 0.1799593 secs] [Times: user=0.17 sys=0.00, real=0.18 secs] 
2.146: [GC (Allocation Failure) 2.146: [DefNew: 157247K->157247K(157248K), 0.0000211 secs]2.146: [Tenured: 292744K->349567K(349568K), 0.4383167 secs] 449992K->449761K(506816K), [Metaspace: 2736K->2736K(1056768K)], 0.4388219 secs] [Times: user=0.42 sys=0.00, real=0.44 secs] 
2.644: [Full GC (Allocation Failure) 2.644: [Tenured: 349567K->38609K(349568K), 0.0824508 secs] 506815K->38609K(506816K), [Metaspace: 2736K->2736K(1056768K)], 0.0825364 secs] [Times: user=0.08 sys=0.00, real=0.08 secs] 
2.784: [GC (Allocation Failure) 2.784: [DefNew: 139776K->17471K(157248K), 0.1269946 secs] 178385K->178152K(506816K), 0.1270520 secs] [Times: user=0.12 sys=0.00, real=0.13 secs] 
2.970: [GC (Allocation Failure) 2.970: [DefNew: 157247K->17472K(157248K), 0.1328879 secs] 317928K->317687K(506816K), 0.1329441 secs] [Times: user=0.13 sys=0.00, real=0.13 secs] 
3.165: [GC (Allocation Failure) 3.165: [DefNew: 157248K->157248K(157248K), 0.0000133 secs]3.165: [Tenured: 300215K->349567K(349568K), 0.3382807 secs] 457463K->457222K(506816K), [Metaspace: 2736K->2736K(1056768K)], 0.3383703 secs] [Times: user=0.34 sys=0.00, real=0.34 secs] 
3.539: [Full GC (Allocation Failure) 3.539: [Tenured: 349567K->39529K(349568K), 0.0670366 secs] 506815K->39529K(506816K), [Metaspace: 2736K->2736K(1056768K)], 0.0671812 secs] [Times: user=0.06 sys=0.00, real=0.06 secs] 
3.659: [GC (Allocation Failure) 3.659: [DefNew: 139776K->17471K(157248K), 0.1102617 secs] 179305K->178460K(506816K), 0.1103891 secs] [Times: user=0.11 sys=0.00, real=0.10 secs] 
3.832: [GC (Allocation Failure) 3.832: [DefNew: 157247K->17471K(157248K), 0.1729704 secs] 318236K->317989K(506816K), 0.1730853 secs] [Times: user=0.15 sys=0.00, real=0.17 secs] 
4.068: [GC (Allocation Failure) 4.068: [DefNew: 157247K->157247K(157248K), 0.0000187 secs]4.068: [Tenured: 300517K->349567K(349568K), 0.3189720 secs] 457765K->457518K(506816K), [Metaspace: 2736K->2736K(1056768K)], 0.3191539 secs] [Times: user=0.32 sys=0.00, real=0.32 secs] 
4.425: [Full GC (Allocation Failure) 4.425: [Tenured: 349567K->39533K(349568K), 0.0654930 secs] 506815K->39533K(506816K), [Metaspace: 2736K->2736K(1056768K)], 0.0655453 secs] [Times: user=0.06 sys=0.00, real=0.06 secs] 
4.542: [GC (Allocation Failure) 4.542: [DefNew: 139776K->17471K(157248K), 0.1130373 secs] 179309K->179049K(506816K), 0.1131337 secs] [Times: user=0.11 sys=0.00, real=0.11 secs] 
4.714: [GC (Allocation Failure) 4.714: [DefNew: 157247K->17471K(157248K), 0.1423327 secs] 318825K->318186K(506816K), 0.1424699 secs] [Times: user=0.15 sys=0.00, real=0.14 secs] 
4.922: [GC (Allocation Failure) 4.922: [DefNew: 157247K->157247K(157248K), 0.0000140 secs]4.922: [Tenured: 300714K->349567K(349568K), 0.3395758 secs] 457962K->457714K(506816K), [Metaspace: 2736K->2736K(1056768K)], 0.3396577 secs] [Times: user=0.34 sys=0.00, real=0.34 secs] 
5.296: [Full GC (Allocation Failure) 5.296: [Tenured: 349567K->39533K(349568K), 0.0646209 secs] 506815K->39533K(506816K), [Metaspace: 2736K->2736K(1056768K)], 0.0646699 secs] [Times: user=0.07 sys=0.00, real=0.07 secs] 
5.407: [GC (Allocation Failure) 5.407: [DefNew: 139776K->17471K(157248K), 0.0947300 secs] 179309K->179072K(506816K), 0.0948012 secs] [Times: user=0.10 sys=0.00, real=0.10 secs] 
5.557: [GC (Allocation Failure) 5.557: [DefNew: 157247K->17471K(157248K), 0.1242489 secs] 318848K->318591K(506816K), 0.1243056 secs] [Times: user=0.13 sys=0.00, real=0.13 secs] 
5.736: [GC (Allocation Failure) 5.736: [DefNew: 157247K->157247K(157248K), 0.0000312 secs]5.736: [Tenured: 301119K->349567K(349568K), 0.2944736 secs] 458367K->457876K(506816K), [Metaspace: 2736K->2736K(1056768K)], 0.2945667 secs] [Times: user=0.29 sys=0.00, real=0.30 secs] 
6.062: [Full GC (Allocation Failure) 6.062: [Tenured: 349567K->39531K(349568K), 0.0604785 secs] 506815K->39531K(506816K), [Metaspace: 2736K->2736K(1056768K)], 0.0605386 secs] [Times: user=0.06 sys=0.00, real=0.06 secs] 
6.167: [GC (Allocation Failure) 6.167: [DefNew: 139776K->17472K(157248K), 0.0922812 secs] 179307K->179054K(506816K), 0.0923345 secs] [Times: user=0.10 sys=0.00, real=0.10 secs] 
6.307: [GC (Allocation Failure) 6.307: [DefNew: 157248K->17472K(157248K), 0.1200648 secs] 318830K->318592K(506816K), 0.1201175 secs] [Times: user=0.12 sys=0.00, real=0.12 secs] 
6.485: [GC (Allocation Failure) 6.485: [DefNew: 157248K->157248K(157248K), 0.0000117 secs]6.485: [Tenured: 301120K->349567K(349568K), 0.3042454 secs] 458368K->458136K(506816K), [Metaspace: 2736K->2736K(1056768K)], 0.3043184 secs] [Times: user=0.31 sys=0.00, real=0.30 secs] 
6.820: [Full GC (Allocation Failure) 6.820: [Tenured: 349567K->39368K(349568K), 0.0620453 secs] 506815K->39368K(506816K), [Metaspace: 2736K->2736K(1056768K)], 0.0621075 secs] [Times: user=0.06 sys=0.00, real=0.06 secs] 
6.931: [GC (Allocation Failure) 6.931: [DefNew: 139776K->17472K(157248K), 0.0901726 secs] 179144K->178903K(506816K), 0.0902262 secs] [Times: user=0.09 sys=0.00, real=0.09 secs] 
7.086: [GC (Allocation Failure) 7.086: [DefNew: 157248K->17471K(157248K), 0.1735780 secs] 318679K->318446K(506816K), 0.1736508 secs] [Times: user=0.18 sys=0.00, real=0.18 secs] 
7.331: [GC (Allocation Failure) 7.331: [DefNew: 157247K->157247K(157248K), 0.0000205 secs]7.331: [Tenured: 300974K->349567K(349568K), 0.3453908 secs] 458222K->457975K(506816K), [Metaspace: 2736K->2736K(1056768K)], 0.3454854 secs] [Times: user=0.34 sys=0.00, real=0.34 secs] 
7.707: [Full GC (Allocation Failure) 7.707: [Tenured: 349567K->39530K(349568K), 0.0626785 secs] 506815K->39530K(506816K), [Metaspace: 2736K->2736K(1056768K)], 0.0627315 secs] [Times: user=0.06 sys=0.00, real=0.06 secs] 
7.828: [GC (Allocation Failure) 7.829: [DefNew: 139776K->17471K(157248K), 0.1178150 secs] 179306K->178966K(506816K), 0.1179425 secs] [Times: user=0.12 sys=0.00, real=0.12 secs] 
8.007: [GC (Allocation Failure) 8.007: [DefNew: 157247K->17471K(157248K), 0.1179289 secs] 318742K->318486K(506816K), 0.1179877 secs] [Times: user=0.12 sys=0.00, real=0.12 secs] 
8.182: [GC (Allocation Failure) 8.182: [DefNew: 157247K->157247K(157248K), 0.0000123 secs]8.182: [Tenured: 301014K->349567K(349568K), 0.3376430 secs] 458262K->458006K(506816K), [Metaspace: 2736K->2736K(1056768K)], 0.3377597 secs] [Times: user=0.34 sys=0.00, real=0.34 secs] 
8.556: [Full GC (Allocation Failure) 8.556: [Tenured: 349567K->39530K(349568K), 0.0809409 secs] 506815K->39530K(506816K), [Metaspace: 2736K->2736K(1056768K)], 0.0810420 secs] [Times: user=0.08 sys=0.00, real=0.08 secs] 
8.691: [GC (Allocation Failure) 8.691: [DefNew: 139776K->17471K(157248K), 0.1166281 secs] 179306K->179045K(506816K), 0.1167595 secs] [Times: user=0.12 sys=0.00, real=0.11 secs] 
8.863: [GC (Allocation Failure) 8.863: [DefNew: 157247K->17472K(157248K), 0.1436549 secs] 318821K->318502K(506816K), 0.1437263 secs] [Times: user=0.15 sys=0.00, real=0.14 secs] 
9.068: [GC (Allocation Failure) 9.068: [DefNew: 157248K->157248K(157248K), 0.0000146 secs]9.068: [Tenured: 301030K->349567K(349568K), 0.3626493 secs] 458278K->458030K(506816K), [Metaspace: 2736K->2736K(1056768K)], 0.3627325 secs] [Times: user=0.36 sys=0.00, real=0.37 secs] 
9.467: [Full GC (Allocation Failure) 9.467: [Tenured: 349567K->39530K(349568K), 0.0645210 secs] 506815K->39530K(506816K), [Metaspace: 2736K->2736K(1056768K)], 0.0645948 secs] [Times: user=0.06 sys=0.00, real=0.07 secs] 
9.581: [GC (Allocation Failure) 9.581: [DefNew: 139776K->17472K(157248K), 0.0991811 secs] 179306K->179059K(506816K), 0.0992475 secs] [Times: user=0.10 sys=0.00, real=0.10 secs] 
9.743: [GC (Allocation Failure) 9.743: [DefNew: 157248K->17472K(157248K), 0.1316299 secs] 318835K->318586K(506816K), 0.1316864 secs] [Times: user=0.13 sys=0.00, real=0.13 secs] 
9.943: [GC (Allocation Failure) 9.943: [DefNew: 157248K->157248K(157248K), 0.0000164 secs]9.943: [Tenured: 301114K->349567K(349568K), 0.3218591 secs] 458362K->458075K(506816K), [Metaspace: 2736K->2736K(1056768K)], 0.3219474 secs] [Times: user=0.32 sys=0.00, real=0.32 secs] 
10.306: [Full GC (Allocation Failure) 10.306: [Tenured: 349567K->39530K(349568K), 0.0841050 secs] 506815K->39530K(506816K), [Metaspace: 2736K->2736K(1056768K)], 0.0842355 secs] [Times: user=0.09 sys=0.00, real=0.09 secs] 
10.444: [GC (Allocation Failure) 10.444: [DefNew: 139776K->17471K(157248K), 0.1180384 secs] 179306K->179064K(506816K), 0.1181402 secs] [Times: user=0.12 sys=0.00, real=0.12 secs] 
10.623: [GC (Allocation Failure) 10.623: [DefNew: 157247K->17471K(157248K), 0.1499183 secs] 318840K->318600K(506816K), 0.1500094 secs] [Times: user=0.15 sys=0.00, real=0.15 secs] 
10.833: [GC (Allocation Failure) 10.833: [DefNew: 157247K->157247K(157248K), 0.0000177 secs]10.833: [Tenured: 301128K->349567K(349568K), 0.3574621 secs] 458376K->458136K(506816K), [Metaspace: 2736K->2736K(1056768K)], 0.3575617 secs] [Times: user=0.36 sys=0.00, real=0.35 secs] 
11.228: [Full GC (Allocation Failure) 11.228: [Tenured: 349567K->39505K(349568K), 0.0670345 secs] 506815K->39505K(506816K), [Metaspace: 2736K->2736K(1056768K)], 0.0670944 secs] [Times: user=0.07 sys=0.00, real=0.07 secs] 
11.343: [GC (Allocation Failure) 11.343: [DefNew: 139776K->17471K(157248K), 0.1228056 secs] 179281K->179042K(506816K), 0.1228740 secs] [Times: user=0.12 sys=0.00, real=0.12 secs] 
11.522: [GC (Allocation Failure) 11.522: [DefNew: 157247K->17471K(157248K), 0.1143441 secs] 318818K->318560K(506816K), 0.1143986 secs] [Times: user=0.12 sys=0.00, real=0.11 secs] 
11.693: [GC (Allocation Failure) 11.693: [DefNew: 157247K->157247K(157248K), 0.0000154 secs]11.693: [Tenured: 301088K->349567K(349568K), 0.3152782 secs] 458336K->458080K(506816K), [Metaspace: 2736K->2736K(1056768K)], 0.3153580 secs] [Times: user=0.31 sys=0.00, real=0.31 secs] 
12.047: [Full GC (Allocation Failure) 12.047: [Tenured: 349567K->39530K(349568K), 0.0889259 secs] 506815K->39530K(506816K), [Metaspace: 2736K->2736K(1056768K)], 0.0890067 secs] [Times: user=0.09 sys=0.00, real=0.09 secs] 
12.198: [GC (Allocation Failure) 12.198: [DefNew: 139776K->17471K(157248K), 0.1345474 secs] 179306K->179045K(506816K), 0.1346200 secs] [Times: user=0.12 sys=0.00, real=0.14 secs] 
12.400: [GC (Allocation Failure) 12.401: [DefNew: 157247K->17471K(157248K), 0.1571404 secs] 318821K->318586K(506816K), 0.1572035 secs] [Times: user=0.15 sys=0.00, real=0.15 secs] 
12.619: [GC (Allocation Failure) 12.619: [DefNew: 157247K->157247K(157248K), 0.0000207 secs]12.619: [Tenured: 301114K->349567K(349568K), 0.3035240 secs] 458362K->458125K(506816K), [Metaspace: 2736K->2736K(1056768K)], 0.3036193 secs] [Times: user=0.30 sys=0.01, real=0.30 secs] 
12.956: [Full GC (Allocation Failure) 12.956: [Tenured: 349567K->39534K(349568K), 0.0663103 secs] 506815K->39534K(506816K), [Metaspace: 2736K->2736K(1056768K)], 0.0663633 secs] [Times: user=0.06 sys=0.00, real=0.07 secs] 
13.069: [GC (Allocation Failure) 13.069: [DefNew: 139776K->17471K(157248K), 0.0926817 secs] 179310K->179053K(506816K), 0.0927419 secs] [Times: user=0.09 sys=0.00, real=0.10 secs] 
13.215: [GC (Allocation Failure) 13.215: [DefNew: 157247K->17472K(157248K), 0.1100042 secs] 318829K->318582K(506816K), 0.1100571 secs] [Times: user=0.11 sys=0.00, real=0.11 secs] 
13.384: [GC (Allocation Failure) 13.384: [DefNew: 157248K->157248K(157248K), 0.0000172 secs]13.384: [Tenured: 301110K->349567K(349568K), 0.2918726 secs] 458358K->458122K(506816K), [Metaspace: 2736K->2736K(1056768K)], 0.2919664 secs] [Times: user=0.29 sys=0.00, real=0.29 secs] 
13.708: [Full GC (Allocation Failure) 13.708: [Tenured: 349567K->39533K(349568K), 0.0600148 secs] 506815K->39533K(506816K), [Metaspace: 2736K->2736K(1056768K)], 0.0600655 secs] [Times: user=0.06 sys=0.00, real=0.06 secs] 
13.813: [GC (Allocation Failure) 13.813: [DefNew: 139776K->17471K(157248K), 0.0906318 secs] 179309K->179054K(506816K), 0.0907010 secs] [Times: user=0.09 sys=0.00, real=0.09 secs] 
13.961: [GC (Allocation Failure) 13.961: [DefNew: 157247K->17471K(157248K), 0.1089899 secs] 318830K->318596K(506816K), 0.1090415 secs] [Times: user=0.11 sys=0.00, real=0.10 secs] 
14.124: [GC (Allocation Failure) 14.124: [DefNew: 157247K->157247K(157248K), 0.0000143 secs]14.124: [Tenured: 301124K->349567K(349568K), 0.3011810 secs] 458372K->458137K(506816K), [Metaspace: 2736K->2736K(1056768K)], 0.3012664 secs] [Times: user=0.30 sys=0.00, real=0.30 secs] 
14.459: [Full GC (Allocation Failure) 14.459: [Tenured: 349567K->39525K(349568K), 0.0601630 secs] 506815K->39525K(506816K), [Metaspace: 2736K->2736K(1056768K)], 0.0602145 secs] [Times: user=0.06 sys=0.00, real=0.06 secs] 
14.562: [GC (Allocation Failure) 14.562: [DefNew: 139776K->17472K(157248K), 0.0888138 secs] 179301K->179054K(506816K), 0.0888644 secs] [Times: user=0.09 sys=0.00, real=0.09 secs] 
14.708: [GC (Allocation Failure) 14.708: [DefNew: 157248K->17471K(157248K), 0.1141307 secs] 318830K->318597K(506816K), 0.1141992 secs] [Times: user=0.12 sys=0.00, real=0.12 secs] 
14.880: [GC (Allocation Failure) 14.880: [DefNew: 157247K->157247K(157248K), 0.0000154 secs]14.880: [Tenured: 301125K->349567K(349568K), 0.2897612 secs] 458373K->458139K(506816K), [Metaspace: 2736K->2736K(1056768K)], 0.2898468 secs] [Times: user=0.29 sys=0.00, real=0.28 secs] 
15.201: [Full GC (Allocation Failure) 15.201: [Tenured: 349567K->39534K(349568K), 0.0591508 secs] 506815K->39534K(506816K), [Metaspace: 2736K->2736K(1056768K)], 0.0592021 secs] [Times: user=0.06 sys=0.00, real=0.06 secs] 
15.303: [GC (Allocation Failure) 15.303: [DefNew: 139776K->17471K(157248K), 0.0923510 secs] 179310K->179060K(506816K), 0.0924794 secs] [Times: user=0.09 sys=0.00, real=0.09 secs] 
15.455: [GC (Allocation Failure) 15.455: [DefNew: 157247K->17471K(157248K), 0.1156633 secs] 318836K->318596K(506816K), 0.1157157 secs] [Times: user=0.11 sys=0.00, real=0.12 secs] 
15.625: [GC (Allocation Failure) 15.625: [DefNew: 157247K->157247K(157248K), 0.0000183 secs]15.625: [Tenured: 301124K->349567K(349568K), 0.2946703 secs] 458372K->458139K(506816K), [Metaspace: 2736K->2736K(1056768K)], 0.2947647 secs] [Times: user=0.30 sys=0.00, real=0.30 secs] 
15.956: [Full GC (Allocation Failure) 15.956: [Tenured: 349567K->39534K(349568K), 0.0600399 secs] 506815K->39534K(506816K), [Metaspace: 2736K->2736K(1056768K)], 0.0600935 secs] [Times: user=0.06 sys=0.00, real=0.06 secs] 
16.059: [GC (Allocation Failure) 16.059: [DefNew: 139776K->17471K(157248K), 0.0823131 secs] 179310K->179061K(506816K), 0.0823670 secs] [Times: user=0.09 sys=0.00, real=0.08 secs] 
16.196: [GC (Allocation Failure) 16.196: [DefNew: 157247K->17471K(157248K), 0.1088624 secs] 318837K->318603K(506816K), 0.1089264 secs] [Times: user=0.11 sys=0.00, real=0.11 secs] 
16.366: [GC (Allocation Failure) 16.366: [DefNew: 157247K->157247K(157248K), 0.0000155 secs]16.366: [Tenured: 301131K->349567K(349568K), 0.3278322 secs] 458379K->458144K(506816K), [Metaspace: 2736K->2736K(1056768K)], 0.3279240 secs] [Times: user=0.33 sys=0.00, real=0.33 secs] 
16.728: [Full GC (Allocation Failure) 16.728: [Tenured: 349567K->39530K(349568K), 0.0683821 secs] 506815K->39530K(506816K), [Metaspace: 2736K->2736K(1056768K)], 0.0684560 secs] [Times: user=0.07 sys=0.00, real=0.07 secs] 
16.846: [GC (Allocation Failure) 16.846: [DefNew: 139776K->17471K(157248K), 0.1097072 secs] 179306K->179061K(506816K), 0.1097843 secs] [Times: user=0.11 sys=0.00, real=0.11 secs] 
17.010: [GC (Allocation Failure) 17.010: [DefNew: 157247K->17472K(157248K), 0.1506456 secs] 318837K->318603K(506816K), 0.1507281 secs] [Times: user=0.15 sys=0.00, real=0.16 secs] 
17.240: [GC (Allocation Failure) 17.240: [DefNew: 157248K->157248K(157248K), 0.0000199 secs]17.240: [Tenured: 301131K->349567K(349568K), 0.3767829 secs] 458379K->458144K(506816K), [Metaspace: 2736K->2736K(1056768K)], 0.3768672 secs] [Times: user=0.38 sys=0.00, real=0.37 secs] 
17.653: [Full GC (Allocation Failure) 17.653: [Tenured: 349567K->39534K(349568K), 0.0642258 secs] 506815K->39534K(506816K), [Metaspace: 2736K->2736K(1056768K)], 0.0643001 secs] [Times: user=0.07 sys=0.00, real=0.06 secs] 
17.766: [GC (Allocation Failure) 17.766: [DefNew: 139776K->17471K(157248K), 0.1030737 secs] 179310K->179061K(506816K), 0.1031305 secs] [Times: user=0.11 sys=0.00, real=0.10 secs] 
17.925: [GC (Allocation Failure) 17.925: [DefNew: 157247K->17472K(157248K), 0.1224367 secs] 318837K->318576K(506816K), 0.1224907 secs] [Times: user=0.12 sys=0.00, real=0.12 secs] 
18.110: [GC (Allocation Failure) 18.110: [DefNew: 157248K->157248K(157248K), 0.0000206 secs]18.110: [Tenured: 301104K->349567K(349568K), 0.3228222 secs] 458352K->458097K(506816K), [Metaspace: 2736K->2736K(1056768K)], 0.3229326 secs] [Times: user=0.32 sys=0.00, real=0.33 secs] 
18.473: [Full GC (Allocation Failure) 18.473: [Tenured: 349567K->39530K(349568K), 0.0701135 secs] 506815K->39530K(506816K), [Metaspace: 2736K->2736K(1056768K)], 0.0701706 secs] [Times: user=0.07 sys=0.00, real=0.07 secs] 
18.590: [GC (Allocation Failure) 18.590: [DefNew: 139776K->17471K(157248K), 0.0991623 secs] 179306K->179050K(506816K), 0.0992737 secs] [Times: user=0.10 sys=0.00, real=0.10 secs] 
18.746: [GC (Allocation Failure) 18.746: [DefNew: 157247K->17471K(157248K), 0.1318938 secs] 318826K->318590K(506816K), 0.1319546 secs] [Times: user=0.14 sys=0.00, real=0.13 secs] 
18.938: [GC (Allocation Failure) 18.938: [DefNew: 157247K->157247K(157248K), 0.0000187 secs]18.938: [Tenured: 301118K->349567K(349568K), 0.3452044 secs] 458366K->458131K(506816K), [Metaspace: 2736K->2736K(1056768K)], 0.3453155 secs] [Times: user=0.33 sys=0.00, real=0.35 secs] 
19.323: [Full GC (Allocation Failure) 19.324: [Tenured: 349567K->39534K(349568K), 0.0810974 secs] 506815K->39534K(506816K), [Metaspace: 2736K->2736K(1056768K)], 0.0811590 secs] [Times: user=0.06 sys=0.00, real=0.08 secs] 
19.451: [GC (Allocation Failure) 19.451: [DefNew: 139776K->17472K(157248K), 0.0911554 secs] 179310K->179057K(506816K), 0.0912034 secs] [Times: user=0.09 sys=0.00, real=0.09 secs] 
19.602: [GC (Allocation Failure) 19.602: [DefNew: 157248K->17471K(157248K), 0.1344105 secs] 318833K->318598K(506816K), 0.1344694 secs] [Times: user=0.13 sys=0.00, real=0.13 secs] 
19.796: [GC (Allocation Failure) 19.796: [DefNew: 157247K->157247K(157248K), 0.0000166 secs]19.796: [Tenured: 301126K->349567K(349568K), 0.3180897 secs] 458374K->458137K(506816K), [Metaspace: 2736K->2736K(1056768K)], 0.3181693 secs] [Times: user=0.32 sys=0.00, real=0.32 secs] 
20.146: [Full GC (Allocation Failure) 20.146: [Tenured: 349567K->39534K(349568K), 0.0594760 secs] 506815K->39534K(506816K), [Metaspace: 2736K->2736K(1056768K)], 0.0595370 secs] [Times: user=0.05 sys=0.00, real=0.06 secs] 
20.248: [GC (Allocation Failure) 20.248: [DefNew: 139776K->17471K(157248K), 0.0868787 secs] 179310K->179060K(506816K), 0.0869330 secs] [Times: user=0.08 sys=0.00, real=0.09 secs] 
20.387: [GC (Allocation Failure) 20.387: [DefNew: 157247K->17472K(157248K), 0.1262431 secs] 318836K->318601K(506816K), 0.1262985 secs] [Times: user=0.12 sys=0.00, real=0.13 secs] 
20.574: [GC (Allocation Failure) 20.574: [DefNew: 157248K->157248K(157248K), 0.0000131 secs]20.574: [Tenured: 301129K->349567K(349568K), 0.2886720 secs] 458377K->458143K(506816K), [Metaspace: 2736K->2736K(1056768K)], 0.2887540 secs] [Times: user=0.29 sys=0.00, real=0.29 secs] 
20.895: [Full GC (Allocation Failure) 20.895: [Tenured: 349567K->39531K(349568K), 0.0694648 secs] 506815K->39531K(506816K), [Metaspace: 2736K->2736K(1056768K)], 0.0695246 secs] [Times: user=0.07 sys=0.00, real=0.07 secs] 
21.015: [GC (Allocation Failure) 21.015: [DefNew: 139776K->17472K(157248K), 0.0925297 secs] 179307K->179061K(506816K), 0.0925943 secs] [Times: user=0.09 sys=0.00, real=0.09 secs] 
21.164: [GC (Allocation Failure) 21.164: [DefNew: 157248K->17471K(157248K), 0.1514909 secs] 318837K->318603K(506816K), 0.1516285 secs] [Times: user=0.15 sys=0.00, real=0.15 secs] 
21.381: [GC (Allocation Failure) 21.381: [DefNew: 157247K->157247K(157248K), 0.0000130 secs]21.381: [Tenured: 301131K->349567K(349568K), 0.3388681 secs] 458379K->458143K(506816K), [Metaspace: 2736K->2736K(1056768K)], 0.3389447 secs] [Times: user=0.33 sys=0.00, real=0.34 secs] 
21.751: [Full GC (Allocation Failure) 21.751: [Tenured: 349567K->39534K(349568K), 0.0611534 secs] 506815K->39534K(506816K), [Metaspace: 2736K->2736K(1056768K)], 0.0612121 secs] [Times: user=0.06 sys=0.00, real=0.06 secs] 
21.856: [GC (Allocation Failure) 21.856: [DefNew: 139776K->17471K(157248K), 0.1008005 secs] 179310K->179062K(506816K), 0.1008579 secs] [Times: user=0.10 sys=0.00, real=0.10 secs] 
22.013: [GC (Allocation Failure) 22.013: [DefNew: 157247K->17471K(157248K), 0.1550670 secs] 318838K->318602K(506816K), 0.1552120 secs] [Times: user=0.15 sys=0.00, real=0.15 secs] 
22.239: [GC (Allocation Failure) 22.239: [DefNew: 157247K->157247K(157248K), 0.0000136 secs]22.239: [Tenured: 301130K->349567K(349568K), 0.3741414 secs] 458378K->458144K(506816K), [Metaspace: 2736K->2736K(1056768K)], 0.3742242 secs] [Times: user=0.37 sys=0.00, real=0.37 secs] 
22.648: [Full GC (Allocation Failure) 22.648: [Tenured: 349567K->39534K(349568K), 0.0726491 secs] 506815K->39534K(506816K), [Metaspace: 2736K->2736K(1056768K)], 0.0727127 secs] [Times: user=0.07 sys=0.00, real=0.08 secs] 
22.772: [GC (Allocation Failure) 22.772: [DefNew: 139776K->17472K(157248K), 0.1005641 secs] 179310K->179063K(506816K), 0.1006190 secs] [Times: user=0.10 sys=0.00, real=0.10 secs] 
22.927: [GC (Allocation Failure) 22.927: [DefNew: 157248K->17471K(157248K), 0.1168654 secs] 318839K->318605K(506816K), 0.1169236 secs] [Times: user=0.12 sys=0.00, real=0.12 secs] 
23.099: [GC (Allocation Failure) 23.099: [DefNew: 157247K->157247K(157248K), 0.0000130 secs]23.099: [Tenured: 301133K->349567K(349568K), 0.2771909 secs] 458381K->458144K(506816K), [Metaspace: 2736K->2736K(1056768K)], 0.2772821 secs] [Times: user=0.28 sys=0.00, real=0.27 secs] 
23.411: [Full GC (Allocation Failure) 23.411: [Tenured: 349567K->39534K(349568K), 0.0625381 secs] 506815K->39534K(506816K), [Metaspace: 2736K->2736K(1056768K)], 0.0625883 secs] [Times: user=0.06 sys=0.00, real=0.06 secs] 
23.520: [GC (Allocation Failure) 23.520: [DefNew: 139776K->17471K(157248K), 0.0910641 secs] 179310K->179064K(506816K), 0.0911151 secs] [Times: user=0.09 sys=0.00, real=0.09 secs] 
23.659: [GC (Allocation Failure) 23.659: [DefNew: 157247K->17471K(157248K), 0.1112373 secs] 318840K->318606K(506816K), 0.1113049 secs] [Times: user=0.11 sys=0.00, real=0.10 secs] 
23.824: [GC (Allocation Failure) 23.824: [DefNew: 157247K->157247K(157248K), 0.0000144 secs]23.824: [Tenured: 301134K->349567K(349568K), 0.2782760 secs] 458382K->458147K(506816K), [Metaspace: 2736K->2736K(1056768K)], 0.2783556 secs] [Times: user=0.28 sys=0.00, real=0.28 secs] 
24.134: [Full GC (Allocation Failure) 24.134: [Tenured: 349567K->39531K(349568K), 0.0609372 secs] 506815K->39531K(506816K), [Metaspace: 2736K->2736K(1056768K)], 0.0609886 secs] [Times: user=0.06 sys=0.00, real=0.06 secs] 
24.240: [GC (Allocation Failure) 24.240: [DefNew: 139776K->17471K(157248K), 0.0868581 secs] 179307K->179063K(506816K), 0.0869142 secs] [Times: user=0.09 sys=0.00, real=0.08 secs] 
24.376: [GC (Allocation Failure) 24.376: [DefNew: 157247K->17471K(157248K), 0.1201689 secs] 318839K->318606K(506816K), 0.1202234 secs] [Times: user=0.12 sys=0.00, real=0.12 secs] 
24.551: [GC (Allocation Failure) 24.551: [DefNew: 157247K->157247K(157248K), 0.0000154 secs]24.551: [Tenured: 301134K->349567K(349568K), 0.2732897 secs] 458382K->458147K(506816K), [Metaspace: 2736K->2736K(1056768K)], 0.2733705 secs] [Times: user=0.27 sys=0.00, real=0.27 secs] 
24.855: [Full GC (Allocation Failure) 24.855: [Tenured: 349567K->39534K(349568K), 0.0621832 secs] 506815K->39534K(506816K), [Metaspace: 2736K->2736K(1056768K)], 0.0622401 secs] [Times: user=0.06 sys=0.00, real=0.06 secs] 
24.965: [GC (Allocation Failure) 24.965: [DefNew: 139776K->17471K(157248K), 0.0866611 secs] 179310K->179064K(506816K), 0.0867116 secs] [Times: user=0.09 sys=0.00, real=0.09 secs] 
25.100: [GC (Allocation Failure) 25.100: [DefNew: 157247K->17471K(157248K), 0.1125275 secs] 318840K->318606K(506816K), 0.1125835 secs] [Times: user=0.11 sys=0.00, real=0.11 secs] 
25.269: [GC (Allocation Failure) 25.269: [DefNew: 157247K->157247K(157248K), 0.0000145 secs]25.269: [Tenured: 301135K->349567K(349568K), 0.2869450 secs] 458382K->458145K(506816K), [Metaspace: 2736K->2736K(1056768K)], 0.2870269 secs] [Times: user=0.29 sys=0.00, real=0.29 secs] 
25.589: [Full GC (Allocation Failure) 25.589: [Tenured: 349567K->39534K(349568K), 0.0650800 secs] 506815K->39534K(506816K), [Metaspace: 2736K->2736K(1056768K)], 0.0651308 secs] [Times: user=0.07 sys=0.00, real=0.07 secs] 
25.698: [GC (Allocation Failure) 25.698: [DefNew: 139776K->17471K(157248K), 0.0965304 secs] 179310K->179064K(506816K), 0.0965803 secs] [Times: user=0.10 sys=0.00, real=0.09 secs] 
25.843: [GC (Allocation Failure) 25.843: [DefNew: 157247K->17472K(157248K), 0.1210314 secs] 318840K->318606K(506816K), 0.1210850 secs] [Times: user=0.12 sys=0.00, real=0.12 secs] 
26.019: [GC (Allocation Failure) 26.019: [DefNew: 157248K->157248K(157248K), 0.0000121 secs]26.019: [Tenured: 301134K->349567K(349568K), 0.2680582 secs] 458382K->458147K(506816K), [Metaspace: 2736K->2736K(1056768K)], 0.2681329 secs] [Times: user=0.27 sys=0.00, real=0.26 secs] 
26.318: [Full GC (Allocation Failure) 26.318: [Tenured: 349567K->39531K(349568K), 0.0597150 secs] 506815K->39531K(506816K), [Metaspace: 2736K->2736K(1056768K)], 0.0597661 secs] [Times: user=0.06 sys=0.00, real=0.06 secs] 
26.425: [GC (Allocation Failure) 26.426: [DefNew: 139776K->17472K(157248K), 0.0968298 secs] 179307K->179064K(506816K), 0.0969949 secs] [Times: user=0.09 sys=0.00, real=0.10 secs] 
26.573: [GC (Allocation Failure) 26.573: [DefNew: 157248K->17471K(157248K), 0.1133693 secs] 318840K->318606K(506816K), 0.1134185 secs] [Times: user=0.12 sys=0.00, real=0.11 secs] 
26.755: [GC (Allocation Failure) 26.755: [DefNew: 157247K->157247K(157248K), 0.0000196 secs]26.755: [Tenured: 301135K->349567K(349568K), 0.2856895 secs] 458382K->458148K(506816K), [Metaspace: 2736K->2736K(1056768K)], 0.2857839 secs] [Times: user=0.28 sys=0.00, real=0.29 secs] 
27.083: [Full GC (Allocation Failure) 27.083: [Tenured: 349567K->39534K(349568K), 0.0861728 secs] 506815K->39534K(506816K), [Metaspace: 2736K->2736K(1056768K)], 0.0863208 secs] [Times: user=0.09 sys=0.00, real=0.08 secs] 
27.231: [GC (Allocation Failure) 27.231: [DefNew: 139776K->17471K(157248K), 0.1340746 secs] 179310K->179065K(506816K), 0.1342067 secs] [Times: user=0.12 sys=0.00, real=0.13 secs] 
27.430: [GC (Allocation Failure) 27.430: [DefNew: 157247K->17471K(157248K), 0.1553908 secs] 318841K->318605K(506816K), 0.1554665 secs] [Times: user=0.15 sys=0.00, real=0.15 secs] 
27.642: [GC (Allocation Failure) 27.642: [DefNew: 157247K->157247K(157248K), 0.0000142 secs]27.642: [Tenured: 301133K->349567K(349568K), 0.3086352 secs] 458381K->458147K(506816K), [Metaspace: 2736K->2736K(1056768K)], 0.3088223 secs] [Times: user=0.31 sys=0.00, real=0.31 secs] 
27.991: [Full GC (Allocation Failure) 27.991: [Tenured: 349567K->39534K(349568K), 0.0615109 secs] 506815K->39534K(506816K), [Metaspace: 2736K->2736K(1056768K)], 0.0615805 secs] [Times: user=0.06 sys=0.00, real=0.06 secs] 
28.096: [GC (Allocation Failure) 28.096: [DefNew: 139776K->17472K(157248K), 0.0970983 secs] 179310K->179064K(506816K), 0.0972201 secs] [Times: user=0.10 sys=0.00, real=0.10 secs] 
28.249: [GC (Allocation Failure) 28.249: [DefNew: 157248K->17472K(157248K), 0.1192068 secs] 318840K->318606K(506816K), 0.1192988 secs] [Times: user=0.12 sys=0.00, real=0.12 secs] 
28.422: [GC (Allocation Failure) 28.422: [DefNew: 157248K->157248K(157248K), 0.0000166 secs]28.422: [Tenured: 301134K->349567K(349568K), 0.2999746 secs] 458382K->458145K(506816K), [Metaspace: 2736K->2736K(1056768K)], 0.3000662 secs] [Times: user=0.30 sys=0.00, real=0.30 secs] 
28.757: [Full GC (Allocation Failure) 28.757: [Tenured: 349567K->39534K(349568K), 0.0655247 secs] 506815K->39534K(506816K), [Metaspace: 2736K->2736K(1056768K)], 0.0655842 secs] [Times: user=0.06 sys=0.00, real=0.07 secs] 
28.875: [GC (Allocation Failure) 28.876: [DefNew: 139776K->17471K(157248K), 0.0993255 secs] 179310K->179064K(506816K), 0.0993831 secs] [Times: user=0.10 sys=0.00, real=0.10 secs] 
29.023: [GC (Allocation Failure) 29.023: [DefNew: 157247K->17471K(157248K), 0.1097671 secs] 318840K->318606K(506816K), 0.1098239 secs] [Times: user=0.11 sys=0.00, real=0.11 secs] 
29.188: [GC (Allocation Failure) 29.188: [DefNew: 157247K->157247K(157248K), 0.0000290 secs]29.188: [Tenured: 301135K->349567K(349568K), 0.2698193 secs] 458382K->458147K(506816K), [Metaspace: 2736K->2736K(1056768K)], 0.2699231 secs] [Times: user=0.27 sys=0.00, real=0.27 secs] 
29.492: [Full GC (Allocation Failure) 29.492: [Tenured: 349567K->39531K(349568K), 0.0627244 secs] 506815K->39531K(506816K), [Metaspace: 2736K->2736K(1056768K)], 0.0627754 secs] [Times: user=0.06 sys=0.00, real=0.06 secs] 
29.598: [GC (Allocation Failure) 29.598: [DefNew: 139776K->17472K(157248K), 0.0879709 secs] 179307K->179064K(506816K), 0.0880250 secs] [Times: user=0.09 sys=0.00, real=0.09 secs] 
29.732: [GC (Allocation Failure) 29.732: [DefNew: 157248K->17471K(157248K), 0.1063751 secs] 318840K->318606K(506816K), 0.1064302 secs] [Times: user=0.10 sys=0.00, real=0.11 secs] 
29.890: [GC (Allocation Failure) 29.890: [DefNew: 157247K->157247K(157248K), 0.0000135 secs]29.890: [Tenured: 301135K->349567K(349568K), 0.2680421 secs] 458382K->458148K(506816K), [Metaspace: 2736K->2736K(1056768K)], 0.2681166 secs] [Times: user=0.26 sys=0.00, real=0.27 secs] 
30.189: [Full GC (Allocation Failure) 30.189: [Tenured: 349567K->39534K(349568K), 0.0600091 secs] 506815K->39534K(506816K), [Metaspace: 2736K->2736K(1056768K)], 0.0600614 secs] [Times: user=0.06 sys=0.00, real=0.06 secs] 
30.292: [GC (Allocation Failure) 30.292: [DefNew: 139776K->17471K(157248K), 0.0825336 secs] 179310K->179065K(506816K), 0.0825823 secs] [Times: user=0.09 sys=0.00, real=0.08 secs] 
30.421: [GC (Allocation Failure) 30.421: [DefNew: 157247K->17472K(157248K), 0.1066714 secs] 318841K->318607K(506816K), 0.1067261 secs] [Times: user=0.11 sys=0.00, real=0.10 secs] 
30.581: [GC (Allocation Failure) 30.581: [DefNew: 157248K->157248K(157248K), 0.0000180 secs]30.581: [Tenured: 301135K->349567K(349568K), 0.2693519 secs] 458383K->458145K(506816K), [Metaspace: 2736K->2736K(1056768K)], 0.2694441 secs] [Times: user=0.27 sys=0.00, real=0.26 secs] 
30.881: [Full GC (Allocation Failure) 30.881: [Tenured: 349567K->39534K(349568K), 0.0601476 secs] 506815K->39534K(506816K), [Metaspace: 2736K->2736K(1056768K)], 0.0602012 secs] [Times: user=0.06 sys=0.00, real=0.06 secs] 
30.990: [GC (Allocation Failure) 30.990: [DefNew: 139776K->17471K(157248K), 0.0857559 secs] 179310K->179064K(506816K), 0.0858120 secs] [Times: user=0.08 sys=0.00, real=0.09 secs] 
31.122: [GC (Allocation Failure) 31.122: [DefNew: 157247K->17471K(157248K), 0.1060523 secs] 318840K->318606K(506816K), 0.1061012 secs] [Times: user=0.11 sys=0.00, real=0.10 secs] 
31.279: [GC (Allocation Failure) 31.279: [DefNew: 157247K->157247K(157248K), 0.0000167 secs]31.279: [Tenured: 301135K->349567K(349568K), 0.2635654 secs] 458382K->458147K(506816K), [Metaspace: 2736K->2736K(1056768K)], 0.2636503 secs] [Times: user=0.26 sys=0.00, real=0.26 secs] 
31.574: [Full GC (Allocation Failure) 31.574: [Tenured: 349567K->39531K(349568K), 0.0610481 secs] 506815K->39531K(506816K), [Metaspace: 2736K->2736K(1056768K)], 0.0610981 secs] [Times: user=0.06 sys=0.00, real=0.06 secs] 
31.677: [GC (Allocation Failure) 31.677: [DefNew: 139776K->17471K(157248K), 0.0839540 secs] 179307K->179064K(506816K), 0.0840029 secs] [Times: user=0.08 sys=0.00, real=0.09 secs] 
31.807: [GC (Allocation Failure) 31.807: [DefNew: 157247K->17471K(157248K), 0.1128886 secs] 318840K->318606K(506816K), 0.1129442 secs] [Times: user=0.11 sys=0.00, real=0.12 secs] 
31.976: [GC (Allocation Failure) 31.976: [DefNew: 157247K->157247K(157248K), 0.0000120 secs]31.976: [Tenured: 301135K->349567K(349568K), 0.3556803 secs] 458382K->458148K(506816K), [Metaspace: 2736K->2736K(1056768K)], 0.3557569 secs] [Times: user=0.35 sys=0.00, real=0.36 secs] 
32.376: [Full GC (Allocation Failure) 32.376: [Tenured: 349567K->39534K(349568K), 0.0849243 secs] 506815K->39534K(506816K), [Metaspace: 2736K->2736K(1056768K)], 0.0851043 secs] [Times: user=0.09 sys=0.00, real=0.09 secs] 
32.524: [GC (Allocation Failure) 32.524: [DefNew: 139776K->17472K(157248K), 0.1046209 secs] 179310K->179065K(506816K), 0.1046785 secs] [Times: user=0.11 sys=0.00, real=0.10 secs] 
32.680: [GC (Allocation Failure) 32.680: [DefNew: 157248K->17471K(157248K), 0.1132804 secs] 318841K->318605K(506816K), 0.1133502 secs] [Times: user=0.11 sys=0.00, real=0.11 secs] 
32.847: [GC (Allocation Failure) 32.847: [DefNew: 157247K->157247K(157248K), 0.0000145 secs]32.847: [Tenured: 301133K->349567K(349568K), 0.2728587 secs] 458381K->458147K(506816K), [Metaspace: 2736K->2736K(1056768K)], 0.2729392 secs] [Times: user=0.28 sys=0.00, real=0.28 secs] 
33.152: [Full GC (Allocation Failure) 33.152: [Tenured: 349567K->39534K(349568K), 0.0609814 secs] 506815K->39534K(506816K), [Metaspace: 2736K->2736K(1056768K)], 0.0610342 secs] [Times: user=0.06 sys=0.00, real=0.06 secs] 
33.257: [GC (Allocation Failure) 33.257: [DefNew: 139776K->17471K(157248K), 0.0876542 secs] 179310K->179064K(506816K), 0.0877099 secs] [Times: user=0.09 sys=0.00, real=0.09 secs] 
33.394: [GC (Allocation Failure) 33.394: [DefNew: 157247K->17471K(157248K), 0.1121750 secs] 318840K->318606K(506816K), 0.1122378 secs] [Times: user=0.11 sys=0.00, real=0.12 secs] 
33.567: [GC (Allocation Failure) 33.567: [DefNew: 157247K->157247K(157248K), 0.0000120 secs]33.567: [Tenured: 301135K->349567K(349568K), 0.2757876 secs] 458382K->458147K(506816K), [Metaspace: 2736K->2736K(1056768K)], 0.2758690 secs] [Times: user=0.28 sys=0.00, real=0.28 secs] 
33.874: [Full GC (Allocation Failure) 33.874: [Tenured: 349567K->39531K(349568K), 0.0601668 secs] 506815K->39531K(506816K), [Metaspace: 2736K->2736K(1056768K)], 0.0602320 secs] [Times: user=0.06 sys=0.00, real=0.06 secs] 
33.980: [GC (Allocation Failure) 33.980: [DefNew: 139776K->17471K(157248K), 0.1059757 secs] 179307K->179064K(506816K), 0.1060428 secs] [Times: user=0.10 sys=0.00, real=0.10 secs] 
34.148: [GC (Allocation Failure) 34.148: [DefNew: 157247K->17471K(157248K), 0.1393455 secs] 318840K->318606K(506816K), 0.1393992 secs] [Times: user=0.14 sys=0.00, real=0.14 secs] 
34.345: [GC (Allocation Failure) 34.345: [DefNew: 157247K->157247K(157248K), 0.0000162 secs]34.345: [Tenured: 301135K->349567K(349568K), 0.2768259 secs] 458382K->458148K(506816K), [Metaspace: 2736K->2736K(1056768K)], 0.2769115 secs] [Times: user=0.28 sys=0.00, real=0.28 secs] 
34.653: [Full GC (Allocation Failure) 34.653: [Tenured: 349567K->39534K(349568K), 0.0595828 secs] 506815K->39534K(506816K), [Metaspace: 2736K->2736K(1056768K)], 0.0596388 secs] [Times: user=0.06 sys=0.00, real=0.06 secs] 
34.758: [GC (Allocation Failure) 34.758: [DefNew: 139776K->17471K(157248K), 0.0889127 secs] 179310K->179065K(506816K), 0.0889629 secs] [Times: user=0.09 sys=0.00, real=0.09 secs] 
34.894: [GC (Allocation Failure) 34.894: [DefNew: 157247K->17471K(157248K), 0.1225927 secs] 318841K->318605K(506816K), 0.1226610 secs] [Times: user=0.13 sys=0.00, real=0.12 secs] 
35.080: [GC (Allocation Failure) 35.080: [DefNew: 157247K->157247K(157248K), 0.0000153 secs]35.080: [Tenured: 301133K->349567K(349568K), 0.2729780 secs] 458381K->458147K(506816K), [Metaspace: 2736K->2736K(1056768K)], 0.2730651 secs] [Times: user=0.28 sys=0.00, real=0.27 secs] 
35.384: [Full GC (Allocation Failure) 35.384: [Tenured: 349567K->39534K(349568K), 0.0658340 secs] 506815K->39534K(506816K), [Metaspace: 2736K->2736K(1056768K)], 0.0658912 secs] [Times: user=0.06 sys=0.00, real=0.06 secs] 
35.501: [GC (Allocation Failure) 35.501: [DefNew: 139776K->17471K(157248K), 0.0975422 secs] 179310K->179064K(506816K), 0.0975918 secs] [Times: user=0.10 sys=0.00, real=0.09 secs] 
35.646: [GC (Allocation Failure) 35.646: [DefNew: 157247K->17472K(157248K), 0.1069678 secs] 318840K->318606K(506816K), 0.1070185 secs] [Times: user=0.11 sys=0.00, real=0.11 secs] 
35.805: [GC (Allocation Failure) 35.805: [DefNew: 157248K->157248K(157248K), 0.0000221 secs]35.805: [Tenured: 301134K->349567K(349568K), 0.2737833 secs] 458382K->458147K(506816K), [Metaspace: 2736K->2736K(1056768K)], 0.2738914 secs] [Times: user=0.27 sys=0.00, real=0.28 secs] 
36.109: [Full GC (Allocation Failure) 36.109: [Tenured: 349567K->39531K(349568K), 0.0595182 secs] 506815K->39531K(506816K), [Metaspace: 2736K->2736K(1056768K)], 0.0595705 secs] [Times: user=0.06 sys=0.00, real=0.06 secs] 
36.211: [GC (Allocation Failure) 36.211: [DefNew: 139776K->17472K(157248K), 0.1094202 secs] 179307K->179064K(506816K), 0.1094726 secs] [Times: user=0.11 sys=0.00, real=0.11 secs] 
36.379: [GC (Allocation Failure) 36.379: [DefNew: 157248K->17471K(157248K), 0.1420014 secs] 318840K->318606K(506816K), 0.1420556 secs] [Times: user=0.14 sys=0.00, real=0.14 secs] 
36.576: [GC (Allocation Failure) 36.576: [DefNew: 157247K->157247K(157248K), 0.0000135 secs]36.576: [Tenured: 301135K->349567K(349568K), 0.2863241 secs] 458382K->458148K(506816K), [Metaspace: 2736K->2736K(1056768K)], 0.2864252 secs] [Times: user=0.28 sys=0.00, real=0.29 secs] 
36.903: [Full GC (Allocation Failure) 36.903: [Tenured: 349567K->39534K(349568K), 0.0684318 secs] 506815K->39534K(506816K), [Metaspace: 2736K->2736K(1056768K)], 0.0685507 secs] [Times: user=0.07 sys=0.00, real=0.07 secs] 
37.014: [GC (Allocation Failure) 37.014: [DefNew: 139776K->17471K(157248K), 0.1108120 secs] 179310K->179065K(506816K), 0.1108690 secs] [Times: user=0.11 sys=0.00, real=0.11 secs] 
37.189: [GC (Allocation Failure) 37.189: [DefNew: 157247K->17471K(157248K), 0.1534050 secs] 318841K->318605K(506816K), 0.1534813 secs] [Times: user=0.15 sys=0.00, real=0.16 secs] 
37.422: [GC (Allocation Failure) 37.422: [DefNew: 157247K->157247K(157248K), 0.0000166 secs]37.422: [Tenured: 301133K->349567K(349568K), 0.3042456 secs] 458381K->458147K(506816K), [Metaspace: 2736K->2736K(1056768K)], 0.3043387 secs] [Times: user=0.31 sys=0.00, real=0.30 secs] 
37.759: [Full GC (Allocation Failure) 37.759: [Tenured: 349567K->39534K(349568K), 0.0589610 secs] 506815K->39534K(506816K), [Metaspace: 2736K->2736K(1056768K)], 0.0590131 secs] [Times: user=0.05 sys=0.00, real=0.05 secs] 
37.860: [GC (Allocation Failure) 37.860: [DefNew: 139776K->17472K(157248K), 0.0918131 secs] 179310K->179064K(506816K), 0.0918803 secs] [Times: user=0.09 sys=0.00, real=0.09 secs] 
38.014: [GC (Allocation Failure) 38.014: [DefNew: 157248K->17472K(157248K), 0.1450300 secs] 318840K->318606K(506816K), 0.1450827 secs] [Times: user=0.14 sys=0.01, real=0.15 secs] 
38.223: [GC (Allocation Failure) 38.223: [DefNew: 157248K->157248K(157248K), 0.0000118 secs]38.223: [Tenured: 301134K->349567K(349568K), 0.2888786 secs] 458382K->458145K(506816K), [Metaspace: 2736K->2736K(1056768K)], 0.2889566 secs] [Times: user=0.28 sys=0.00, real=0.29 secs] 
38.544: [Full GC (Allocation Failure) 38.544: [Tenured: 349567K->39534K(349568K), 0.0613835 secs] 506815K->39534K(506816K), [Metaspace: 2736K->2736K(1056768K)], 0.0614398 secs] [Times: user=0.06 sys=0.00, real=0.06 secs] 
38.648: [GC (Allocation Failure) 38.648: [DefNew: 139776K->17471K(157248K), 0.0851856 secs] 179310K->179064K(506816K), 0.0852359 secs] [Times: user=0.09 sys=0.00, real=0.09 secs] 
38.781: [GC (Allocation Failure) 38.781: [DefNew: 157247K->17471K(157248K), 0.1091056 secs] 318840K->318606K(506816K), 0.1091661 secs] [Times: user=0.11 sys=0.00, real=0.11 secs] 
38.947: [GC (Allocation Failure) 38.947: [DefNew: 157247K->157247K(157248K), 0.0000122 secs]38.947: [Tenured: 301135K->349567K(349568K), 0.2640774 secs] 458382K->458147K(506816K), [Metaspace: 2736K->2736K(1056768K)], 0.2641739 secs] [Times: user=0.26 sys=0.00, real=0.27 secs] 
39.243: [Full GC (Allocation Failure) 39.243: [Tenured: 349567K->39531K(349568K), 0.0595928 secs] 506815K->39531K(506816K), [Metaspace: 2736K->2736K(1056768K)], 0.0596500 secs] [Times: user=0.06 sys=0.00, real=0.06 secs] 
39.345: [GC (Allocation Failure) 39.345: [DefNew: 139776K->17472K(157248K), 0.1017683 secs] 179307K->179064K(506816K), 0.1018177 secs] [Times: user=0.10 sys=0.00, real=0.10 secs] 
39.507: [GC (Allocation Failure) 39.507: [DefNew: 157248K->17472K(157248K), 0.1275303 secs] 318840K->318606K(506816K), 0.1275916 secs] [Times: user=0.13 sys=0.00, real=0.13 secs] 
39.687: [GC (Allocation Failure) 39.687: [DefNew: 157248K->157248K(157248K), 0.0000123 secs]39.687: [Tenured: 301134K->349567K(349568K), 0.3311147 secs] 458382K->458148K(506816K), [Metaspace: 2736K->2736K(1056768K)], 0.3312843 secs] [Times: user=0.33 sys=0.00, real=0.33 secs] 
40.057: [Full GC (Allocation Failure) 40.057: [Tenured: 349567K->39534K(349568K), 0.0810804 secs] 506815K->39534K(506816K), [Metaspace: 2736K->2736K(1056768K)], 0.0812188 secs] [Times: user=0.08 sys=0.00, real=0.09 secs] 
40.192: [GC (Allocation Failure) 40.192: [DefNew: 139776K->17471K(157248K), 0.0887278 secs] 179310K->179065K(506816K), 0.0887755 secs] [Times: user=0.09 sys=0.00, real=0.09 secs] 
40.328: [GC (Allocation Failure) 40.328: [DefNew: 157247K->17471K(157248K), 0.1110274 secs] 318841K->318605K(506816K), 0.1110784 secs] [Times: user=0.11 sys=0.00, real=0.12 secs] 
40.495: [GC (Allocation Failure) 40.495: [DefNew: 157247K->157247K(157248K), 0.0000166 secs]40.495: [Tenured: 301133K->349567K(349568K), 0.2734568 secs] 458381K->458147K(506816K), [Metaspace: 2736K->2736K(1056768K)], 0.2735450 secs] [Times: user=0.27 sys=0.00, real=0.27 secs] 
40.799: [Full GC (Allocation Failure) 40.799: [Tenured: 349567K->39534K(349568K), 0.0595596 secs] 506815K->39534K(506816K), [Metaspace: 2736K->2736K(1056768K)], 0.0596274 secs] [Times: user=0.06 sys=0.00, real=0.06 secs] 
40.901: [GC (Allocation Failure) 40.902: [DefNew: 139776K->17471K(157248K), 0.0833494 secs] 179310K->179064K(506816K), 0.0834229 secs] [Times: user=0.09 sys=0.00, real=0.08 secs] 
41.034: [GC (Allocation Failure) 41.034: [DefNew: 157247K->17471K(157248K), 0.1086513 secs] 318840K->318606K(506816K), 0.1087101 secs] [Times: user=0.11 sys=0.00, real=0.11 secs] 
41.195: [GC (Allocation Failure) 41.195: [DefNew: 157247K->157247K(157248K), 0.0000161 secs]41.195: [Tenured: 301135K->349567K(349568K), 0.2632823 secs] 458382K->458147K(506816K), [Metaspace: 2736K->2736K(1056768K)], 0.2633676 secs] [Times: user=0.27 sys=0.00, real=0.27 secs] 
41.490: [Full GC (Allocation Failure) 41.490: [Tenured: 349567K->39531K(349568K), 0.0614458 secs] 506815K->39531K(506816K), [Metaspace: 2736K->2736K(1056768K)], 0.0614997 secs] [Times: user=0.06 sys=0.00, real=0.07 secs] 
41.599: [GC (Allocation Failure) 41.599: [DefNew: 139776K->17472K(157248K), 0.0909605 secs] 179307K->179064K(506816K), 0.0910199 secs] [Times: user=0.09 sys=0.00, real=0.08 secs] 
41.737: [GC (Allocation Failure) 41.737: [DefNew: 157248K->17471K(157248K), 0.1083608 secs] 318840K->318606K(506816K), 0.1084153 secs] [Times: user=0.10 sys=0.00, real=0.11 secs] 
41.897: [GC (Allocation Failure) 41.897: [DefNew: 157247K->157247K(157248K), 0.0000173 secs]41.897: [Tenured: 301135K->349567K(349568K), 0.3216106 secs] 458382K->458148K(506816K), [Metaspace: 2736K->2736K(1056768K)], 0.3218832 secs] [Times: user=0.32 sys=0.00, real=0.33 secs] 
42.260: [Full GC (Allocation Failure) 42.260: [Tenured: 349567K->39534K(349568K), 0.0810214 secs] 506815K->39534K(506816K), [Metaspace: 2736K->2736K(1056768K)], 0.0810795 secs] [Times: user=0.08 sys=0.00, real=0.08 secs] 
42.400: [GC (Allocation Failure) 42.400: [DefNew: 139776K->17471K(157248K), 0.1168623 secs] 179310K->179065K(506816K), 0.1176319 secs] [Times: user=0.12 sys=0.00, real=0.11 secs] 
42.578: [GC (Allocation Failure) 42.578: [DefNew: 157247K->17472K(157248K), 0.1529441 secs] 318841K->318605K(506816K), 0.1529988 secs] [Times: user=0.15 sys=0.00, real=0.16 secs] 
42.797: [GC (Allocation Failure) 42.797: [DefNew: 157248K->157248K(157248K), 0.0000130 secs]42.797: [Tenured: 301133K->349567K(349568K), 0.2931091 secs] 458381K->458147K(506816K), [Metaspace: 2736K->2736K(1056768K)], 0.2931871 secs] [Times: user=0.29 sys=0.00, real=0.29 secs] 
43.122: [Full GC (Allocation Failure) 43.122: [Tenured: 349567K->39534K(349568K), 0.0593804 secs] 506815K->39534K(506816K), [Metaspace: 2736K->2736K(1056768K)], 0.0594361 secs] [Times: user=0.06 sys=0.00, real=0.06 secs] 
43.224: [GC (Allocation Failure) 43.224: [DefNew: 139776K->17471K(157248K), 0.0862926 secs] 179310K->179064K(506816K), 0.0863453 secs] [Times: user=0.08 sys=0.00, real=0.09 secs] 
43.356: [GC (Allocation Failure) 43.357: [DefNew: 157247K->17471K(157248K), 0.1103175 secs] 318840K->318606K(506816K), 0.1103681 secs] [Times: user=0.11 sys=0.00, real=0.11 secs] 
43.523: [GC (Allocation Failure) 43.523: [DefNew: 157247K->157247K(157248K), 0.0000309 secs]43.523: [Tenured: 301135K->349567K(349568K), 0.2791684 secs] 458382K->458145K(506816K), [Metaspace: 2736K->2736K(1056768K)], 0.2792784 secs] [Times: user=0.28 sys=0.00, real=0.28 secs] 
43.840: [Full GC (Allocation Failure) 43.840: [Tenured: 349567K->39534K(349568K), 0.0719917 secs] 506815K->39534K(506816K), [Metaspace: 2736K->2736K(1056768K)], 0.0720644 secs] [Times: user=0.07 sys=0.00, real=0.07 secs] 
43.960: [GC (Allocation Failure) 43.960: [DefNew: 139776K->17471K(157248K), 0.0876745 secs] 179310K->179064K(506816K), 0.0877241 secs] [Times: user=0.09 sys=0.00, real=0.08 secs] 
44.104: [GC (Allocation Failure) 44.104: [DefNew: 157247K->17471K(157248K), 0.1267963 secs] 318840K->318606K(506816K), 0.1268606 secs] [Times: user=0.13 sys=0.00, real=0.13 secs] 
44.288: [GC (Allocation Failure) 44.288: [DefNew: 157247K->157247K(157248K), 0.0000184 secs]44.288: [Tenured: 301135K->349567K(349568K), 0.2964678 secs] 458382K->458147K(506816K), [Metaspace: 2736K->2736K(1056768K)], 0.2968759 secs] [Times: user=0.30 sys=0.00, real=0.30 secs] 
44.622: [Full GC (Allocation Failure) 44.622: [Tenured: 349567K->39531K(349568K), 0.0601498 secs] 506815K->39531K(506816K), [Metaspace: 2736K->2736K(1056768K)], 0.0602152 secs] [Times: user=0.06 sys=0.00, real=0.06 secs] 
44.726: [GC (Allocation Failure) 44.726: [DefNew: 139776K->17472K(157248K), 0.0855848 secs] 179307K->179064K(506816K), 0.0856328 secs] [Times: user=0.09 sys=0.00, real=0.09 secs] 
44.858: [GC (Allocation Failure) 44.858: [DefNew: 157248K->17472K(157248K), 0.1082359 secs] 318840K->318606K(506816K), 0.1082866 secs] [Times: user=0.11 sys=0.00, real=0.11 secs] 
45.024: [GC (Allocation Failure) 45.024: [DefNew: 157248K->157248K(157248K), 0.0000175 secs]45.024: [Tenured: 301134K->349567K(349568K), 0.2640194 secs] 458382K->458148K(506816K), [Metaspace: 2736K->2736K(1056768K)], 0.2641080 secs] [Times: user=0.27 sys=0.00, real=0.26 secs] 
45.319: [Full GC (Allocation Failure) 45.319: [Tenured: 349567K->39534K(349568K), 0.0588470 secs] 506815K->39534K(506816K), [Metaspace: 2736K->2736K(1056768K)], 0.0588976 secs] [Times: user=0.06 sys=0.00, real=0.05 secs] 
45.420: [GC (Allocation Failure) 45.420: [DefNew: 139776K->17471K(157248K), 0.0939904 secs] 179310K->179065K(506816K), 0.0940438 secs] [Times: user=0.09 sys=0.00, real=0.09 secs] 
45.562: [GC (Allocation Failure) 45.562: [DefNew: 157247K->17472K(157248K), 0.1070515 secs] 318841K->318607K(506816K), 0.1071065 secs] [Times: user=0.10 sys=0.00, real=0.10 secs] 
45.724: [GC (Allocation Failure) 45.724: [DefNew: 157248K->157248K(157248K), 0.0000150 secs]45.724: [Tenured: 301135K->349567K(349568K), 0.2646759 secs] 458383K->458145K(506816K), [Metaspace: 2736K->2736K(1056768K)], 0.2647678 secs] [Times: user=0.27 sys=0.00, real=0.26 secs] 
46.024: [Full GC (Allocation Failure) 46.024: [Tenured: 349567K->39534K(349568K), 0.0598553 secs] 506815K->39534K(506816K), [Metaspace: 2736K->2736K(1056768K)], 0.0599247 secs] [Times: user=0.06 sys=0.00, real=0.06 secs] 
46.126: [GC (Allocation Failure) 46.126: [DefNew: 139776K->17471K(157248K), 0.0806888 secs] 179310K->179064K(506816K), 0.0807401 secs] [Times: user=0.08 sys=0.00, real=0.08 secs] 
46.253: [GC (Allocation Failure) 46.253: [DefNew: 157247K->17472K(157248K), 0.1049475 secs] 318840K->318606K(506816K), 0.1049983 secs] [Times: user=0.10 sys=0.00, real=0.10 secs] 
46.409: [GC (Allocation Failure) 46.409: [DefNew: 157248K->157248K(157248K), 0.0000169 secs]46.409: [Tenured: 301134K->349567K(349568K), 0.2660606 secs] 458382K->458147K(506816K), [Metaspace: 2736K->2736K(1056768K)], 0.2661441 secs] [Times: user=0.27 sys=0.00, real=0.27 secs] 
46.706: [Full GC (Allocation Failure) 46.707: [Tenured: 349567K->39531K(349568K), 0.0610431 secs] 506815K->39531K(506816K), [Metaspace: 2736K->2736K(1056768K)], 0.0611063 secs] [Times: user=0.06 sys=0.00, real=0.06 secs] 
46.815: [GC (Allocation Failure) 46.815: [DefNew: 139776K->17472K(157248K), 0.0864454 secs] 179307K->179064K(506816K), 0.0865080 secs] [Times: user=0.08 sys=0.00, real=0.09 secs] 
46.948: [GC (Allocation Failure) 46.948: [DefNew: 157248K->17472K(157248K), 0.1123090 secs] 318840K->318606K(506816K), 0.1123656 secs] [Times: user=0.11 sys=0.00, real=0.12 secs] 
47.130: [GC (Allocation Failure) 47.130: [DefNew: 157248K->157248K(157248K), 0.0000187 secs]47.130: [Tenured: 301134K->349567K(349568K), 0.3654468 secs] 458382K->458148K(506816K), [Metaspace: 2736K->2736K(1056768K)], 0.3658787 secs] [Times: user=0.37 sys=0.00, real=0.36 secs] 
47.537: [Full GC (Allocation Failure) 47.537: [Tenured: 349567K->39534K(349568K), 0.0709567 secs] 506815K->39534K(506816K), [Metaspace: 2736K->2736K(1056768K)], 0.0710311 secs] [Times: user=0.07 sys=0.00, real=0.07 secs] 
47.656: [GC (Allocation Failure) 47.656: [DefNew: 139776K->17471K(157248K), 0.0908055 secs] 179310K->179065K(506816K), 0.0908704 secs] [Times: user=0.09 sys=0.00, real=0.09 secs] 
47.793: [GC (Allocation Failure) 47.794: [DefNew: 157247K->17472K(157248K), 0.1073364 secs] 318841K->318605K(506816K), 0.1073878 secs] [Times: user=0.11 sys=0.00, real=0.11 secs] 
47.953: [GC (Allocation Failure) 47.953: [DefNew: 157248K->157248K(157248K), 0.0000159 secs]47.953: [Tenured: 301133K->349567K(349568K), 0.2716236 secs] 458381K->458147K(506816K), [Metaspace: 2736K->2736K(1056768K)], 0.2717081 secs] [Times: user=0.27 sys=0.00, real=0.27 secs] 
48.256: [Full GC (Allocation Failure) 48.256: [Tenured: 349567K->39534K(349568K), 0.0592133 secs] 506815K->39534K(506816K), [Metaspace: 2736K->2736K(1056768K)], 0.0592666 secs] [Times: user=0.06 sys=0.00, real=0.06 secs] 
48.358: [GC (Allocation Failure) 48.358: [DefNew: 139776K->17471K(157248K), 0.0848827 secs] 179310K->179064K(506816K), 0.0849391 secs] [Times: user=0.08 sys=0.00, real=0.09 secs] 
48.489: [GC (Allocation Failure) 48.489: [DefNew: 157247K->17471K(157248K), 0.1144579 secs] 318840K->318606K(506816K), 0.1145277 secs] [Times: user=0.12 sys=0.00, real=0.12 secs] 
48.657: [GC (Allocation Failure) 48.657: [DefNew: 157247K->157247K(157248K), 0.0000143 secs]48.657: [Tenured: 301135K->349567K(349568K), 0.2639469 secs] 458382K->458147K(506816K), [Metaspace: 2736K->2736K(1056768K)], 0.2640258 secs] [Times: user=0.26 sys=0.00, real=0.27 secs] 
48.952: [Full GC (Allocation Failure) 48.952: [Tenured: 349567K->39531K(349568K), 0.0592767 secs] 506815K->39531K(506816K), [Metaspace: 2736K->2736K(1056768K)], 0.0593306 secs] [Times: user=0.06 sys=0.00, real=0.06 secs] 
49.054: [GC (Allocation Failure) 49.054: [DefNew: 139776K->17472K(157248K), 0.0916431 secs] 179307K->179064K(506816K), 0.0917268 secs] [Times: user=0.09 sys=0.00, real=0.09 secs] 
49.193: [GC (Allocation Failure) 49.193: [DefNew: 157248K->17471K(157248K), 0.1071408 secs] 318840K->318606K(506816K), 0.1072022 secs] [Times: user=0.10 sys=0.00, real=0.11 secs] 
49.352: [GC (Allocation Failure) 49.352: [DefNew: 157247K->157247K(157248K), 0.0000163 secs]49.352: [Tenured: 301135K->349567K(349568K), 0.2615500 secs] 458382K->458148K(506816K), [Metaspace: 2736K->2736K(1056768K)], 0.2616480 secs] [Times: user=0.26 sys=0.00, real=0.26 secs] 
49.644: [Full GC (Allocation Failure) 49.644: [Tenured: 349567K->39534K(349568K), 0.0625170 secs] 506815K->39534K(506816K), [Metaspace: 2736K->2736K(1056768K)], 0.0625867 secs] [Times: user=0.06 sys=0.00, real=0.06 secs] 
49.754: [GC (Allocation Failure) 49.754: [DefNew: 139776K->17471K(157248K), 0.0841080 secs] 179310K->179065K(506816K), 0.0841621 secs] [Times: user=0.09 sys=0.00, real=0.09 secs] 
49.885: [GC (Allocation Failure) 49.885: [DefNew: 157247K->17471K(157248K), 0.1097538 secs] 318841K->318607K(506816K), 0.1098022 secs] [Times: user=0.11 sys=0.00, real=0.11 secs] 
50.047: [GC (Allocation Failure) 50.047: [DefNew: 157247K->157247K(157248K), 0.0000160 secs]50.047: [Tenured: 301135K->349567K(349568K), 0.2684099 secs] 458383K->458145K(506816K), [Metaspace: 2736K->2736K(1056768K)], 0.2684977 secs] [Times: user=0.27 sys=0.00, real=0.27 secs] 
50.346: [Full GC (Allocation Failure) 50.346: [Tenured: 349567K->39534K(349568K), 0.0591947 secs] 506815K->39534K(506816K), [Metaspace: 2736K->2736K(1056768K)], 0.0592495 secs] [Times: user=0.06 sys=0.00, real=0.06 secs] 
50.448: [GC (Allocation Failure) 50.448: [DefNew: 139776K->17471K(157248K), 0.0832043 secs] 179310K->179064K(506816K), 0.0832597 secs] [Times: user=0.09 sys=0.00, real=0.09 secs] 
50.577: [GC (Allocation Failure) 50.577: [DefNew: 157247K->17472K(157248K), 0.1108575 secs] 318840K->318606K(506816K), 0.1109107 secs] [Times: user=0.11 sys=0.01, real=0.11 secs] 
50.742: [GC (Allocation Failure) 50.742: [DefNew: 157248K->157248K(157248K), 0.0000154 secs]50.742: [Tenured: 301134K->349567K(349568K), 0.2633470 secs] 458382K->458147K(506816K), [Metaspace: 2736K->2736K(1056768K)], 0.2634297 secs] [Times: user=0.27 sys=0.00, real=0.26 secs] 
51.036: [Full GC (Allocation Failure) 51.036: [Tenured: 349567K->39531K(349568K), 0.0592873 secs] 506815K->39531K(506816K), [Metaspace: 2736K->2736K(1056768K)], 0.0593548 secs] [Times: user=0.06 sys=0.00, real=0.06 secs] 
51.138: [GC (Allocation Failure) 51.138: [DefNew: 139776K->17471K(157248K), 0.0986776 secs] 179307K->179064K(506816K), 0.0987346 secs] [Times: user=0.10 sys=0.00, real=0.10 secs] 
51.283: [GC (Allocation Failure) 51.283: [DefNew: 157247K->17471K(157248K), 0.1061758 secs] 318840K->318606K(506816K), 0.1062249 secs] [Times: user=0.10 sys=0.00, real=0.10 secs] 
51.441: [GC (Allocation Failure) 51.441: [DefNew: 157247K->157247K(157248K), 0.0000156 secs]51.441: [Tenured: 301135K->349567K(349568K), 0.2714658 secs] 458382K->458148K(506816K), [Metaspace: 2736K->2736K(1056768K)], 0.2715491 secs] [Times: user=0.27 sys=0.00, real=0.27 secs] 
51.743: [Full GC (Allocation Failure) 51.743: [Tenured: 349567K->39534K(349568K), 0.0606193 secs] 506815K->39534K(506816K), [Metaspace: 2736K->2736K(1056768K)], 0.0606721 secs] [Times: user=0.06 sys=0.00, real=0.06 secs] 
51.846: [GC (Allocation Failure) 51.846: [DefNew: 139776K->17471K(157248K), 0.0843259 secs] 179310K->179065K(506816K), 0.0843751 secs] [Times: user=0.08 sys=0.00, real=0.09 secs] 
51.977: [GC (Allocation Failure) 51.977: [DefNew: 157247K->17471K(157248K), 0.1250530 secs] 318841K->318607K(506816K), 0.1251074 secs] [Times: user=0.12 sys=0.00, real=0.13 secs] 
52.168: [GC (Allocation Failure) 52.168: [DefNew: 157247K->157247K(157248K), 0.0000155 secs]52.168: [Tenured: 301135K->349567K(349568K), 0.3655540 secs] 458383K->458145K(506816K), [Metaspace: 2736K->2736K(1056768K)], 0.3662692 secs] [Times: user=0.37 sys=0.00, real=0.37 secs] 
52.574: [Full GC (Allocation Failure) 52.574: [Tenured: 349567K->39534K(349568K), 0.0688038 secs] 506815K->39534K(506816K), [Metaspace: 2736K->2736K(1056768K)], 0.0689161 secs] [Times: user=0.07 sys=0.00, real=0.07 secs] 
52.685: [GC (Allocation Failure) 52.685: [DefNew: 139776K->17471K(157248K), 0.0917821 secs] 179310K->179064K(506816K), 0.0918964 secs] [Times: user=0.09 sys=0.00, real=0.09 secs] 
52.833: [GC (Allocation Failure) 52.833: [DefNew: 157247K->17472K(157248K), 0.1075201 secs] 318840K->318606K(506816K), 0.1075914 secs] [Times: user=0.11 sys=0.00, real=0.11 secs] 
52.993: [GC (Allocation Failure) 52.993: [DefNew: 157248K->157248K(157248K), 0.0000123 secs]52.993: [Tenured: 301134K->349567K(349568K), 0.2670042 secs] 458382K->458147K(506816K), [Metaspace: 2736K->2736K(1056768K)], 0.2670810 secs] [Times: user=0.27 sys=0.00, real=0.27 secs] 
53.291: [Full GC (Allocation Failure) 53.291: [Tenured: 349567K->39531K(349568K), 0.0592116 secs] 506815K->39531K(506816K), [Metaspace: 2736K->2736K(1056768K)], 0.0592746 secs] [Times: user=0.06 sys=0.00, real=0.05 secs] 
53.392: [GC (Allocation Failure) 53.392: [DefNew: 139776K->17471K(157248K), 0.0841292 secs] 179307K->179064K(506816K), 0.0841825 secs] [Times: user=0.09 sys=0.00, real=0.08 secs] 
53.523: [GC (Allocation Failure) 53.523: [DefNew: 157247K->17471K(157248K), 0.1121366 secs] 318840K->318606K(506816K), 0.1121877 secs] [Times: user=0.12 sys=0.00, real=0.11 secs] 
53.687: [GC (Allocation Failure) 53.687: [DefNew: 157247K->157247K(157248K), 0.0000144 secs]53.687: [Tenured: 301135K->349567K(349568K), 0.2634111 secs] 458382K->458148K(506816K), [Metaspace: 2736K->2736K(1056768K)], 0.2635040 secs] [Times: user=0.26 sys=0.00, real=0.27 secs] 
53.981: [Full GC (Allocation Failure) 53.981: [Tenured: 349567K->39534K(349568K), 0.0594132 secs] 506815K->39534K(506816K), [Metaspace: 2736K->2736K(1056768K)], 0.0594781 secs] [Times: user=0.06 sys=0.00, real=0.06 secs] 
54.090: [GC (Allocation Failure) 54.090: [DefNew: 139776K->17472K(157248K), 0.0855195 secs] 179310K->179065K(506816K), 0.0855750 secs] [Times: user=0.09 sys=0.00, real=0.09 secs] 
54.222: [GC (Allocation Failure) 54.222: [DefNew: 157248K->17471K(157248K), 0.1082546 secs] 318841K->318607K(506816K), 0.1083071 secs] [Times: user=0.11 sys=0.00, real=0.10 secs] 
54.381: [GC (Allocation Failure) 54.382: [DefNew: 157247K->157247K(157248K), 0.0000170 secs]54.382: [Tenured: 301135K->349567K(349568K), 0.2689224 secs] 458383K->458145K(506816K), [Metaspace: 2736K->2736K(1056768K)], 0.2690256 secs] [Times: user=0.27 sys=0.00, real=0.27 secs] 
54.681: [Full GC (Allocation Failure) 54.681: [Tenured: 349567K->39534K(349568K), 0.0587848 secs] 506815K->39534K(506816K), [Metaspace: 2736K->2736K(1056768K)], 0.0588467 secs] [Times: user=0.06 sys=0.00, real=0.06 secs] 
54.784: [GC (Allocation Failure) 54.784: [DefNew: 139776K->17471K(157248K), 0.0833387 secs] 179310K->179064K(506816K), 0.0834021 secs] [Times: user=0.08 sys=0.00, real=0.08 secs] 
54.914: [GC (Allocation Failure) 54.914: [DefNew: 157247K->17471K(157248K), 0.1062850 secs] 318840K->318606K(506816K), 0.1063390 secs] [Times: user=0.11 sys=0.00, real=0.11 secs] 
55.075: [GC (Allocation Failure) 55.076: [DefNew: 157247K->157247K(157248K), 0.0000163 secs]55.076: [Tenured: 301135K->349567K(349568K), 0.2735307 secs] 458382K->458147K(506816K), [Metaspace: 2736K->2736K(1056768K)], 0.2736161 secs] [Times: user=0.27 sys=0.00, real=0.27 secs] 
55.380: [Full GC (Allocation Failure) 55.380: [Tenured: 349567K->39531K(349568K), 0.0595806 secs] 506815K->39531K(506816K), [Metaspace: 2736K->2736K(1056768K)], 0.0596316 secs] [Times: user=0.06 sys=0.00, real=0.06 secs] 
55.482: [GC (Allocation Failure) 55.482: [DefNew: 139776K->17472K(157248K), 0.0862884 secs] 179307K->179064K(506816K), 0.0863402 secs] [Times: user=0.09 sys=0.00, real=0.08 secs] 
55.618: [GC (Allocation Failure) 55.618: [DefNew: 157248K->17471K(157248K), 0.1076446 secs] 318840K->318606K(506816K), 0.1077009 secs] [Times: user=0.10 sys=0.00, real=0.10 secs] 
55.779: [GC (Allocation Failure) 55.779: [DefNew: 157247K->157247K(157248K), 0.0000166 secs]55.779: [Tenured: 301135K->349567K(349568K), 0.2601316 secs] 458382K->458148K(506816K), [Metaspace: 2736K->2736K(1056768K)], 0.2602098 secs] [Times: user=0.26 sys=0.00, real=0.26 secs] 
56.074: [Full GC (Allocation Failure) 56.074: [Tenured: 349567K->39534K(349568K), 0.0639579 secs] 506815K->39534K(506816K), [Metaspace: 2736K->2736K(1056768K)], 0.0640080 secs] [Times: user=0.06 sys=0.00, real=0.06 secs] 
56.180: [GC (Allocation Failure) 56.180: [DefNew: 139776K->17471K(157248K), 0.0825657 secs] 179310K->179065K(506816K), 0.0826381 secs] [Times: user=0.09 sys=0.00, real=0.08 secs] 
56.309: [GC (Allocation Failure) 56.309: [DefNew: 157247K->17472K(157248K), 0.1044150 secs] 318841K->318607K(506816K), 0.1044673 secs] [Times: user=0.11 sys=0.00, real=0.11 secs] 
56.464: [GC (Allocation Failure) 56.464: [DefNew: 157248K->157248K(157248K), 0.0000132 secs]56.464: [Tenured: 301135K->349567K(349568K), 0.2657606 secs] 458383K->458145K(506816K), [Metaspace: 2736K->2736K(1056768K)], 0.2658466 secs] [Times: user=0.26 sys=0.00, real=0.26 secs] 
56.762: [Full GC (Allocation Failure) 56.762: [Tenured: 349567K->39534K(349568K), 0.0593916 secs] 506815K->39534K(506816K), [Metaspace: 2736K->2736K(1056768K)], 0.0594410 secs] [Times: user=0.06 sys=0.00, real=0.06 secs] 
56.863: [GC (Allocation Failure) 56.863: [DefNew: 139776K->17471K(157248K), 0.0798599 secs] 179310K->179064K(506816K), 0.0799178 secs] [Times: user=0.08 sys=0.00, real=0.08 secs] 
56.995: [GC (Allocation Failure) 56.995: [DefNew: 157247K->17472K(157248K), 0.1348997 secs] 318840K->318606K(506816K), 0.1350331 secs] [Times: user=0.13 sys=0.00, real=0.13 secs] 
57.198: [GC (Allocation Failure) 57.198: [DefNew: 157248K->157248K(157248K), 0.0000175 secs]57.198: [Tenured: 301134K->349567K(349568K), 0.3568265 secs] 458382K->458147K(506816K), [Metaspace: 2736K->2736K(1056768K)], 0.3569276 secs] [Times: user=0.35 sys=0.00, real=0.35 secs] 
57.591: [Full GC (Allocation Failure) 57.591: [Tenured: 349567K->39531K(349568K), 0.0672617 secs] 506815K->39531K(506816K), [Metaspace: 2736K->2736K(1056768K)], 0.0673161 secs] [Times: user=0.07 sys=0.00, real=0.07 secs] 
57.703: [GC (Allocation Failure) 57.703: [DefNew: 139776K->17472K(157248K), 0.0888779 secs] 179307K->179064K(506816K), 0.0889245 secs] [Times: user=0.09 sys=0.00, real=0.09 secs] 
57.839: [GC (Allocation Failure) 57.839: [DefNew: 157248K->17471K(157248K), 0.1119743 secs] 318840K->318606K(506816K), 0.1120264 secs] [Times: user=0.11 sys=0.00, real=0.11 secs] 
58.005: [GC (Allocation Failure) 58.005: [DefNew: 157247K->157247K(157248K), 0.0000183 secs]58.005: [Tenured: 301135K->349567K(349568K), 0.2767841 secs] 458382K->458148K(506816K), [Metaspace: 2736K->2736K(1056768K)], 0.2768717 secs] [Times: user=0.28 sys=0.00, real=0.28 secs] 
58.312: [Full GC (Allocation Failure) 58.312: [Tenured: 349567K->39534K(349568K), 0.0593980 secs] 506815K->39534K(506816K), [Metaspace: 2736K->2736K(1056768K)], 0.0594494 secs] [Times: user=0.06 sys=0.00, real=0.06 secs] 
58.415: [GC (Allocation Failure) 58.415: [DefNew: 139776K->17471K(157248K), 0.0827586 secs] 179310K->179065K(506816K), 0.0828168 secs] [Times: user=0.08 sys=0.00, real=0.08 secs] 
58.545: [GC (Allocation Failure) 58.545: [DefNew: 157247K->17472K(157248K), 0.1168386 secs] 318841K->318607K(506816K), 0.1168886 secs] [Times: user=0.11 sys=0.00, real=0.12 secs] 
58.715: [GC (Allocation Failure) 58.715: [DefNew: 157248K->157248K(157248K), 0.0000128 secs]58.715: [Tenured: 301135K->349567K(349568K), 0.2621145 secs] 458383K->458145K(506816K), [Metaspace: 2736K->2736K(1056768K)], 0.2621937 secs] [Times: user=0.26 sys=0.00, real=0.26 secs] 
59.008: [Full GC (Allocation Failure) 59.008: [Tenured: 349567K->39534K(349568K), 0.0624120 secs] 506815K->39534K(506816K), [Metaspace: 2736K->2736K(1056768K)], 0.0624651 secs] [Times: user=0.07 sys=0.00, real=0.07 secs] 
59.117: [GC (Allocation Failure) 59.117: [DefNew: 139776K->17471K(157248K), 0.0865918 secs] 179310K->179064K(506816K), 0.0866443 secs] [Times: user=0.09 sys=0.00, real=0.09 secs] 
59.250: [GC (Allocation Failure) 59.250: [DefNew: 157247K->17471K(157248K), 0.1074632 secs] 318840K->318606K(506816K), 0.1075160 secs] [Times: user=0.11 sys=0.00, real=0.11 secs] 
59.409: [GC (Allocation Failure) 59.409: [DefNew: 157247K->157247K(157248K), 0.0000130 secs]59.409: [Tenured: 301135K->349567K(349568K), 0.2666273 secs] 458382K->458147K(506816K), [Metaspace: 2736K->2736K(1056768K)], 0.2667024 secs] [Times: user=0.27 sys=0.00, real=0.27 secs] 
59.707: [Full GC (Allocation Failure) 59.707: [Tenured: 349567K->39531K(349568K), 0.0601368 secs] 506815K->39531K(506816K), [Metaspace: 2736K->2736K(1056768K)], 0.0601981 secs] [Times: user=0.06 sys=0.00, real=0.06 secs] 
59.809: [GC (Allocation Failure) 59.809: [DefNew: 139776K->17472K(157248K), 0.0807140 secs] 179307K->179064K(506816K), 0.0807669 secs] [Times: user=0.09 sys=0.00, real=0.08 secs] 
59.936: [GC (Allocation Failure) 59.936: [DefNew: 157248K->17471K(157248K), 0.1053478 secs] 318840K->318606K(506816K), 0.1053968 secs] [Times: user=0.11 sys=0.00, real=0.11 secs] 
60.102: [GC (Allocation Failure) 60.102: [DefNew: 157247K->157247K(157248K), 0.0000178 secs]60.102: [Tenured: 301135K->349567K(349568K), 0.2663232 secs] 458382K->458148K(506816K), [Metaspace: 2736K->2736K(1056768K)], 0.2664117 secs] [Times: user=0.26 sys=0.00, real=0.26 secs] 
60.399: [Full GC (Allocation Failure) 60.399: [Tenured: 349567K->39534K(349568K), 0.0599430 secs] 506815K->39534K(506816K), [Metaspace: 2736K->2736K(1056768K)], 0.0599945 secs] [Times: user=0.06 sys=0.00, real=0.06 secs] 
60.501: [GC (Allocation Failure) 60.501: [DefNew: 139776K->17471K(157248K), 0.0882130 secs] 179310K->179065K(506816K), 0.0882848 secs] [Times: user=0.09 sys=0.00, real=0.08 secs] 
60.638: [GC (Allocation Failure) 60.638: [DefNew: 157247K->17471K(157248K), 0.1044029 secs] 318841K->318607K(506816K), 0.1044551 secs] [Times: user=0.10 sys=0.00, real=0.11 secs] 
60.794: [GC (Allocation Failure) 60.794: [DefNew: 157247K->157247K(157248K), 0.0000137 secs]60.794: [Tenured: 301135K->349567K(349568K), 0.2643213 secs] 458383K->458145K(506816K), [Metaspace: 2736K->2736K(1056768K)], 0.2644025 secs] [Times: user=0.27 sys=0.00, real=0.26 secs] 
61.096: [Full GC (Allocation Failure) 61.096: [Tenured: 349567K->39534K(349568K), 0.0612247 secs] 506815K->39534K(506816K), [Metaspace: 2736K->2736K(1056768K)], 0.0612756 secs] [Times: user=0.06 sys=0.00, real=0.06 secs] 
61.200: [GC (Allocation Failure) 61.200: [DefNew: 139776K->17472K(157248K), 0.0865105 secs] 179310K->179064K(506816K), 0.0865618 secs] [Times: user=0.09 sys=0.00, real=0.08 secs] 
61.332: [GC (Allocation Failure) 61.332: [DefNew: 157248K->17471K(157248K), 0.1078579 secs] 318840K->318606K(506816K), 0.1079075 secs] [Times: user=0.11 sys=0.00, real=0.11 secs] 
61.492: [GC (Allocation Failure) 61.492: [DefNew: 157247K->157247K(157248K), 0.0000168 secs]61.492: [Tenured: 301135K->349567K(349568K), 0.2668052 secs] 458382K->458147K(506816K), [Metaspace: 2736K->2736K(1056768K)], 0.2668890 secs] [Times: user=0.27 sys=0.00, real=0.27 secs] 
61.790: [Full GC (Allocation Failure) 61.790: [Tenured: 349567K->39531K(349568K), 0.0594515 secs] 506815K->39531K(506816K), [Metaspace: 2736K->2736K(1056768K)], 0.0595031 secs] [Times: user=0.06 sys=0.00, real=0.06 secs] 
61.891: [GC (Allocation Failure) 61.891: [DefNew: 139776K->17472K(157248K), 0.0824431 secs] 179307K->179064K(506816K), 0.0825002 secs] [Times: user=0.08 sys=0.00, real=0.08 secs] 
62.020: [GC (Allocation Failure) 62.020: [DefNew: 157248K->17471K(157248K), 0.1506868 secs] 318840K->318606K(506816K), 0.1507454 secs] [Times: user=0.15 sys=0.00, real=0.15 secs] 
62.238: [GC (Allocation Failure) 62.238: [DefNew: 157247K->157247K(157248K), 0.0000207 secs]62.238: [Tenured: 301135K->349567K(349568K), 0.3503260 secs] 458382K->458148K(506816K), [Metaspace: 2736K->2736K(1056768K)], 0.3504280 secs] [Times: user=0.35 sys=0.00, real=0.35 secs] 
62.624: [Full GC (Allocation Failure) 62.624: [Tenured: 349567K->39534K(349568K), 0.0598925 secs] 506815K->39534K(506816K), [Metaspace: 2736K->2736K(1056768K)], 0.0599576 secs] [Times: user=0.06 sys=0.00, real=0.06 secs] 
62.726: [GC (Allocation Failure) 62.726: [DefNew: 139776K->17472K(157248K), 0.0853181 secs] 179310K->179065K(506816K), 0.0853715 secs] [Times: user=0.08 sys=0.00, real=0.09 secs] 
62.858: [GC (Allocation Failure) 62.858: [DefNew: 157248K->17472K(157248K), 0.1082005 secs] 318841K->318605K(506816K), 0.1082550 secs] [Times: user=0.11 sys=0.00, real=0.10 secs] 
63.019: [GC (Allocation Failure) 63.019: [DefNew: 157248K->157248K(157248K), 0.0000139 secs]63.019: [Tenured: 301133K->349567K(349568K), 0.2696269 secs] 458381K->458147K(506816K), [Metaspace: 2736K->2736K(1056768K)], 0.2697170 secs] [Times: user=0.27 sys=0.00, real=0.26 secs] 
63.320: [Full GC (Allocation Failure) 63.320: [Tenured: 349567K->39534K(349568K), 0.0606633 secs] 506815K->39534K(506816K), [Metaspace: 2736K->2736K(1056768K)], 0.0607197 secs] [Times: user=0.06 sys=0.00, real=0.06 secs] 
63.429: [GC (Allocation Failure) 63.429: [DefNew: 139776K->17472K(157248K), 0.0976356 secs] 179310K->179064K(506816K), 0.0976864 secs] [Times: user=0.10 sys=0.00, real=0.10 secs] 
63.577: [GC (Allocation Failure) 63.577: [DefNew: 157248K->17472K(157248K), 0.1129524 secs] 318840K->318606K(506816K), 0.1130036 secs] [Times: user=0.11 sys=0.00, real=0.11 secs] 
63.749: [GC (Allocation Failure) 63.749: [DefNew: 157248K->157248K(157248K), 0.0000172 secs]63.749: [Tenured: 301134K->349567K(349568K), 0.2956238 secs] 458382K->458147K(506816K), [Metaspace: 2736K->2736K(1056768K)], 0.2957090 secs] [Times: user=0.30 sys=0.00, real=0.30 secs] 
64.077: [Full GC (Allocation Failure) 64.077: [Tenured: 349567K->39531K(349568K), 0.0609725 secs] 506815K->39531K(506816K), [Metaspace: 2736K->2736K(1056768K)], 0.0610272 secs] [Times: user=0.06 sys=0.00, real=0.06 secs] 
64.181: [GC (Allocation Failure) 64.181: [DefNew: 139776K->17472K(157248K), 0.0846017 secs] 179307K->179064K(506816K), 0.0846625 secs] [Times: user=0.08 sys=0.00, real=0.08 secs] 
64.315: [GC (Allocation Failure) 64.315: [DefNew: 157248K->17472K(157248K), 0.1161576 secs] 318840K->318606K(506816K), 0.1162121 secs] [Times: user=0.11 sys=0.00, real=0.12 secs] 
64.489: [GC (Allocation Failure) 64.489: [DefNew: 157248K->157248K(157248K), 0.0000151 secs]64.489: [Tenured: 301134K->349567K(349568K), 0.2769165 secs] 458382K->458148K(506816K), [Metaspace: 2736K->2736K(1056768K)], 0.2770142 secs] [Times: user=0.28 sys=0.00, real=0.28 secs] 
64.798: [Full GC (Allocation Failure) 64.798: [Tenured: 349567K->39534K(349568K), 0.0617956 secs] 506815K->39534K(506816K), [Metaspace: 2736K->2736K(1056768K)], 0.0618511 secs] [Times: user=0.06 sys=0.00, real=0.07 secs] 
64.905: [GC (Allocation Failure) 64.905: [DefNew: 139776K->17472K(157248K), 0.0986740 secs] 179310K->179065K(506816K), 0.0987217 secs] [Times: user=0.10 sys=0.00, real=0.10 secs] 
65.052: [GC (Allocation Failure) 65.052: [DefNew: 157248K->17471K(157248K), 0.1091719 secs] 318841K->318605K(506816K), 0.1092245 secs] [Times: user=0.11 sys=0.00, real=0.11 secs] 
65.218: [GC (Allocation Failure) 65.218: [DefNew: 157247K->157247K(157248K), 0.0000155 secs]65.218: [Tenured: 301133K->349567K(349568K), 0.2740435 secs] 458381K->458147K(506816K), [Metaspace: 2736K->2736K(1056768K)], 0.2741467 secs] [Times: user=0.27 sys=0.00, real=0.28 secs] 
65.526: [Full GC (Allocation Failure) 65.526: [Tenured: 349567K->39522K(349568K), 0.0644033 secs] 506815K->39522K(506816K), [Metaspace: 2736K->2736K(1056768K)], 0.0644527 secs] [Times: user=0.06 sys=0.00, real=0.07 secs] 
65.632: [GC (Allocation Failure) 65.632: [DefNew: 139776K->17471K(157248K), 0.0866584 secs] 179298K->179052K(506816K), 0.0867233 secs] [Times: user=0.09 sys=0.00, real=0.09 secs] 
65.768: [GC (Allocation Failure) 65.768: [DefNew: 157247K->17472K(157248K), 0.1104366 secs] 318828K->318595K(506816K), 0.1104876 secs] [Times: user=0.11 sys=0.00, real=0.11 secs] 
65.935: [GC (Allocation Failure) 65.935: [DefNew: 157248K->157248K(157248K), 0.0000165 secs]65.935: [Tenured: 301123K->349567K(349568K), 0.2730019 secs] 458371K->458135K(506816K), [Metaspace: 2736K->2736K(1056768K)], 0.2730917 secs] [Times: user=0.27 sys=0.00, real=0.27 secs] 
66.239: [Full GC (Allocation Failure) 66.239: [Tenured: 349567K->39532K(349568K), 0.0591514 secs] 506815K->39532K(506816K), [Metaspace: 2736K->2736K(1056768K)], 0.0592003 secs] [Times: user=0.05 sys=0.00, real=0.05 secs] 
66.341: [GC (Allocation Failure) 66.341: [DefNew: 139776K->17472K(157248K), 0.0880701 secs] 179308K->179057K(506816K), 0.0881259 secs] [Times: user=0.09 sys=0.00, real=0.08 secs] 
66.485: [GC (Allocation Failure) 66.485: [DefNew: 157248K->17471K(157248K), 0.1302428 secs] 318833K->318599K(506816K), 0.1302980 secs] [Times: user=0.13 sys=0.00, real=0.13 secs] 
66.678: [GC (Allocation Failure) 66.678: [DefNew: 157247K->157247K(157248K), 0.0000172 secs]66.678: [Tenured: 301127K->349567K(349568K), 0.3225611 secs] 458375K->458140K(506816K), [Metaspace: 2736K->2736K(1056768K)], 0.3227372 secs] [Times: user=0.32 sys=0.00, real=0.33 secs] 
67.037: [Full GC (Allocation Failure) 67.037: [Tenured: 349567K->39534K(349568K), 0.0861739 secs] 506815K->39534K(506816K), [Metaspace: 2736K->2736K(1056768K)], 0.0862422 secs] [Times: user=0.09 sys=0.00, real=0.09 secs] 
67.185: [GC (Allocation Failure) 67.185: [DefNew: 139776K->17471K(157248K), 0.1326808 secs] 179310K->179061K(506816K), 0.1327425 secs] [Times: user=0.13 sys=0.00, real=0.13 secs] 
67.387: [GC (Allocation Failure) 67.387: [DefNew: 157247K->17472K(157248K), 0.1595506 secs] 318837K->318602K(506816K), 0.1596111 secs] [Times: user=0.16 sys=0.00, real=0.16 secs] 
67.605: [GC (Allocation Failure) 67.605: [DefNew: 157248K->157248K(157248K), 0.0000130 secs]67.605: [Tenured: 301130K->349567K(349568K), 0.2778960 secs] 458378K->458143K(506816K), [Metaspace: 2736K->2736K(1056768K)], 0.2779773 secs] [Times: user=0.28 sys=0.00, real=0.28 secs] 
Heap
 def new generation   total 157248K, used 147569K [0x00000000e0000000, 0x00000000eaaa0000, 0x00000000eaaa0000)
  eden space 139776K, 100% used [0x00000000e0000000, 0x00000000e8880000, 0x00000000e8880000)
  from space 17472K,  44% used [0x00000000e8880000, 0x00000000e901d230, 0x00000000e9990000)
  to   space 17472K,   0% used [0x00000000e9990000, 0x00000000e9990000, 0x00000000eaaa0000)
 tenured generation   total 349568K, used 349567K [0x00000000eaaa0000, 0x0000000100000000, 0x0000000100000000)
   the space 349568K,  99% used [0x00000000eaaa0000, 0x00000000ffffff20, 0x0000000100000000, 0x0000000100000000)
 Metaspace       used 2744K, capacity 4490K, committed 4864K, reserved 1056768K
  class space    used 291K, capacity 386K, committed 512K, reserved 1048576K
